<html>
<body>
<pre>
<h1>µVision Build Log</h1>
<h2>Tool Versions:</h2>
IDE-Version: µVision V5.34.0.0
Copyright (C) 2021 ARM Ltd and ARM Germany GmbH. All rights reserved.
License Information: Mohamed Kamel, HP Inc., LIC=----
 
Tool Versions:
Toolchain:       MDK-Lite  Version: 5.34.0.0
Toolchain Path:  C:\Keil_v5\ARM\ARMCC\Bin
C Compiler:      Armcc.exe V5.06 update 7 (build 960)
Assembler:       Armasm.exe V5.06 update 7 (build 960)
Linker/Locator:  ArmLink.exe V5.06 update 7 (build 960)
Library Manager: ArmAr.exe V5.06 update 7 (build 960)
Hex Converter:   FromElf.exe V5.06 update 7 (build 960)
CPU DLL:         SARMCM3.DLL V5.34.0.0
Dialog DLL:      DCM.DLL V1.17.3.0
Target DLL:      lmidk-agdi.dll V???
Dialog DLL:      TCM.DLL V1.48.0.0
 
<h2>Project:</h2>
C:\Users\moham\Desktop\ASU Docs\Embedded systems\RTOS_Project\time_Project.uvprojx
Project File Date:  06/24/2021

<h2>Output:</h2>
*** Using Compiler 'V5.06 update 7 (build 960)', folder: 'C:\Keil_v5\ARM\ARMCC\Bin'
Rebuild target 'Target 1'
compiling os_systick.c...
compiling clib_arm.c...
compiling uart.c...
assembling startup_TM4C123.s...
compiling lcd.c...
mydrivers\lcd.c(30): warning:  #223-D: function "SysCtlDelay" declared implicitly
  	SysCtlDelay(16000);
mydrivers\lcd.c(77): warning:  #223-D: function "SysCtlDelay" declared implicitly
  	SysCtlDelay(16000);										/* delay for processing Tas = 50ns */
mydrivers\lcd.c(99): warning:  #223-D: function "SysCtlDelay" declared implicitly
  	SysCtlDelay(20);							  /* delay for processing */
mydrivers\lcd.c(133): warning:  #223-D: function "strlen" declared implicitly
  		if (C < strlen(s1))
mydrivers\lcd.c(153): warning:  #223-D: function "strlen" declared implicitly
  	for (l = 0; l < strlen(string); l++)
mydrivers\lcd.c: 5 warnings, 0 errors
compiling cmsis_os2.c...
compiling system_TM4C123.c...
compiling freertos_evr.c...
compiling event_groups.c...
compiling list.c...
compiling heap_4.c...
compiling port.c...
compiling citytimes.c...
C:\ti\TivaWare_C_Series-2.2.0.295\inc/hw_memmap.h(51): warning:  #47-D: incompatible redefinition of macro "WATCHDOG0_BASE"  (declared at line 1543 of "C:\Users\moham\AppData\Local\Arm\Packs\Keil\TM4C_DFP\1.1.0\Device\Include\TM4C123\TM4C123GH6PM.h")
  #define WATCHDOG0_BASE          0x40000000  // Watchdog0
C:\ti\TivaWare_C_Series-2.2.0.295\inc/hw_memmap.h(52): warning:  #47-D: incompatible redefinition of macro "WATCHDOG1_BASE"  (declared at line 1544 of "C:\Users\moham\AppData\Local\Arm\Packs\Keil\TM4C_DFP\1.1.0\Device\Include\TM4C123\TM4C123GH6PM.h")
  #define WATCHDOG1_BASE          0x40001000  // Watchdog1
C:\ti\TivaWare_C_Series-2.2.0.295\inc/hw_memmap.h(57): warning:  #47-D: incompatible redefinition of macro "SSI0_BASE"  (declared at line 1549 of "C:\Users\moham\AppData\Local\Arm\Packs\Keil\TM4C_DFP\1.1.0\Device\Include\TM4C123\TM4C123GH6PM.h")
  #define SSI0_BASE               0x40008000  // SSI0
C:\ti\TivaWare_C_Series-2.2.0.295\inc/hw_memmap.h(58): warning:  #47-D: incompatible redefinition of macro "SSI1_BASE"  (declared at line 1550 of "C:\Users\moham\AppData\Local\Arm\Packs\Keil\TM4C_DFP\1.1.0\Device\Include\TM4C123\TM4C123GH6PM.h")
  #define SSI1_BASE               0x40009000  // SSI1
C:\ti\TivaWare_C_Series-2.2.0.295\inc/hw_memmap.h(59): warning:  #47-D: incompatible redefinition of macro "SSI2_BASE"  (declared at line 1551 of "C:\Users\moham\AppData\Local\Arm\Packs\Keil\TM4C_DFP\1.1.0\Device\Include\TM4C123\TM4C123GH6PM.h")
  #define SSI2_BASE               0x4000A000  // SSI2
C:\ti\TivaWare_C_Series-2.2.0.295\inc/hw_memmap.h(60): warning:  #47-D: incompatible redefinition of macro "SSI3_BASE"  (declared at line 1552 of "C:\Users\moham\AppData\Local\Arm\Packs\Keil\TM4C_DFP\1.1.0\Device\Include\TM4C123\TM4C123GH6PM.h")
  #define SSI3_BASE               0x4000B000  // SSI3
C:\ti\TivaWare_C_Series-2.2.0.295\inc/hw_memmap.h(61): warning:  #47-D: incompatible redefinition of macro "UART0_BASE"  (declared at line 1553 of "C:\Users\moham\AppData\Local\Arm\Packs\Keil\TM4C_DFP\1.1.0\Device\Include\TM4C123\TM4C123GH6PM.h")
  #define UART0_BASE              0x4000C000  // UART0
C:\ti\TivaWare_C_Series-2.2.0.295\inc/hw_memmap.h(62): warning:  #47-D: incompatible redefinition of macro "UART1_BASE"  (declared at line 1554 of "C:\Users\moham\AppData\Local\Arm\Packs\Keil\TM4C_DFP\1.1.0\Device\Include\TM4C123\TM4C123GH6PM.h")
  #define UART1_BASE              0x4000D000  // UART1
C:\ti\TivaWare_C_Series-2.2.0.295\inc/hw_memmap.h(63): warning:  #47-D: incompatible redefinition of macro "UART2_BASE"  (declared at line 1555 of "C:\Users\moham\AppData\Local\Arm\Packs\Keil\TM4C_DFP\1.1.0\Device\Include\TM4C123\TM4C123GH6PM.h")
  #define UART2_BASE              0x4000E000  // UART2
C:\ti\TivaWare_C_Series-2.2.0.295\inc/hw_memmap.h(64): warning:  #47-D: incompatible redefinition of macro "UART3_BASE"  (declared at line 1556 of "C:\Users\moham\AppData\Local\Arm\Packs\Keil\TM4C_DFP\1.1.0\Device\Include\TM4C123\TM4C123GH6PM.h")
  #define UART3_BASE              0x4000F000  // UART3
C:\ti\TivaWare_C_Series-2.2.0.295\inc/hw_memmap.h(65): warning:  #47-D: incompatible redefinition of macro "UART4_BASE"  (declared at line 1557 of "C:\Users\moham\AppData\Local\Arm\Packs\Keil\TM4C_DFP\1.1.0\Device\Include\TM4C123\TM4C123GH6PM.h")
  #define UART4_BASE              0x40010000  // UART4
C:\ti\TivaWare_C_Series-2.2.0.295\inc/hw_memmap.h(66): warning:  #47-D: incompatible redefinition of macro "UART5_BASE"  (declared at line 1558 of "C:\Users\moham\AppData\Local\Arm\Packs\Keil\TM4C_DFP\1.1.0\Device\Include\TM4C123\TM4C123GH6PM.h")
  #define UART5_BASE              0x40011000  // UART5
C:\ti\TivaWare_C_Series-2.2.0.295\inc/hw_memmap.h(67): warning:  #47-D: incompatible redefinition of macro "UART6_BASE"  (declared at line 1559 of "C:\Users\moham\AppData\Local\Arm\Packs\Keil\TM4C_DFP\1.1.0\Device\Include\TM4C123\TM4C123GH6PM.h")
  #define UART6_BASE              0x40012000  // UART6
C:\ti\TivaWare_C_Series-2.2.0.295\inc/hw_memmap.h(68): warning:  #47-D: incompatible redefinition of macro "UART7_BASE"  (declared at line 1560 of "C:\Users\moham\AppData\Local\Arm\Packs\Keil\TM4C_DFP\1.1.0\Device\Include\TM4C123\TM4C123GH6PM.h")
  #define UART7_BASE              0x40013000  // UART7
C:\ti\TivaWare_C_Series-2.2.0.295\inc/hw_memmap.h(69): warning:  #47-D: incompatible redefinition of macro "I2C0_BASE"  (declared at line 1561 of "C:\Users\moham\AppData\Local\Arm\Packs\Keil\TM4C_DFP\1.1.0\Device\Include\TM4C123\TM4C123GH6PM.h")
  #define I2C0_BASE               0x40020000  // I2C0
C:\ti\TivaWare_C_Series-2.2.0.295\inc/hw_memmap.h(70): warning:  #47-D: incompatible redefinition of macro "I2C1_BASE"  (declared at line 1562 of "C:\Users\moham\AppData\Local\Arm\Packs\Keil\TM4C_DFP\1.1.0\Device\Include\TM4C123\TM4C123GH6PM.h")
  #define I2C1_BASE               0x40021000  // I2C1
C:\ti\TivaWare_C_Series-2.2.0.295\inc/hw_memmap.h(71): warning:  #47-D: incompatible redefinition of macro "I2C2_BASE"  (declared at line 1563 of "C:\Users\moham\AppData\Local\Arm\Packs\Keil\TM4C_DFP\1.1.0\Device\Include\TM4C123\TM4C123GH6PM.h")
  #define I2C2_BASE               0x40022000  // I2C2
C:\ti\TivaWare_C_Series-2.2.0.295\inc/hw_memmap.h(72): warning:  #47-D: incompatible redefinition of macro "I2C3_BASE"  (declared at line 1564 of "C:\Users\moham\AppData\Local\Arm\Packs\Keil\TM4C_DFP\1.1.0\Device\Include\TM4C123\TM4C123GH6PM.h")
  #define I2C3_BASE               0x40023000  // I2C3
C:\ti\TivaWare_C_Series-2.2.0.295\inc/hw_memmap.h(77): warning:  #47-D: incompatible redefinition of macro "PWM0_BASE"  (declared at line 1567 of "C:\Users\moham\AppData\Local\Arm\Packs\Keil\TM4C_DFP\1.1.0\Device\Include\TM4C123\TM4C123GH6PM.h")
  #define PWM0_BASE               0x40028000  // Pulse Width Modulator (PWM)
C:\ti\TivaWare_C_Series-2.2.0.295\inc/hw_memmap.h(78): warning:  #47-D: incompatible redefinition of macro "PWM1_BASE"  (declared at line 1568 of "C:\Users\moham\AppData\Local\Arm\Packs\Keil\TM4C_DFP\1.1.0\Device\Include\TM4C123\TM4C123GH6PM.h")
  #define PWM1_BASE               0x40029000  // Pulse Width Modulator (PWM)
C:\ti\TivaWare_C_Series-2.2.0.295\inc/hw_memmap.h(79): warning:  #47-D: incompatible redefinition of macro "QEI0_BASE"  (declared at line 1569 of "C:\Users\moham\AppData\Local\Arm\Packs\Keil\TM4C_DFP\1.1.0\Device\Include\TM4C123\TM4C123GH6PM.h")
  #define QEI0_BASE               0x4002C000  // QEI0
C:\ti\TivaWare_C_Series-2.2.0.295\inc/hw_memmap.h(80): warning:  #47-D: incompatible redefinition of macro "QEI1_BASE"  (declared at line 1570 of "C:\Users\moham\AppData\Local\Arm\Packs\Keil\TM4C_DFP\1.1.0\Device\Include\TM4C123\TM4C123GH6PM.h")
  #define QEI1_BASE               0x4002D000  // QEI1
C:\ti\TivaWare_C_Series-2.2.0.295\inc/hw_memmap.h(81): warning:  #47-D: incompatible redefinition of macro "TIMER0_BASE"  (declared at line 1571 of "C:\Users\moham\AppData\Local\Arm\Packs\Keil\TM4C_DFP\1.1.0\Device\Include\TM4C123\TM4C123GH6PM.h")
  #define TIMER0_BASE             0x40030000  // Timer0
C:\ti\TivaWare_C_Series-2.2.0.295\inc/hw_memmap.h(82): warning:  #47-D: incompatible redefinition of macro "TIMER1_BASE"  (declared at line 1572 of "C:\Users\moham\AppData\Local\Arm\Packs\Keil\TM4C_DFP\1.1.0\Device\Include\TM4C123\TM4C123GH6PM.h")
  #define TIMER1_BASE             0x40031000  // Timer1
C:\ti\TivaWare_C_Series-2.2.0.295\inc/hw_memmap.h(83): warning:  #47-D: incompatible redefinition of macro "TIMER2_BASE"  (declared at line 1573 of "C:\Users\moham\AppData\Local\Arm\Packs\Keil\TM4C_DFP\1.1.0\Device\Include\TM4C123\TM4C123GH6PM.h")
  #define TIMER2_BASE             0x40032000  // Timer2
C:\ti\TivaWare_C_Series-2.2.0.295\inc/hw_memmap.h(84): warning:  #47-D: incompatible redefinition of macro "TIMER3_BASE"  (declared at line 1574 of "C:\Users\moham\AppData\Local\Arm\Packs\Keil\TM4C_DFP\1.1.0\Device\Include\TM4C123\TM4C123GH6PM.h")
  #define TIMER3_BASE             0x40033000  // Timer3
C:\ti\TivaWare_C_Series-2.2.0.295\inc/hw_memmap.h(85): warning:  #47-D: incompatible redefinition of macro "TIMER4_BASE"  (declared at line 1575 of "C:\Users\moham\AppData\Local\Arm\Packs\Keil\TM4C_DFP\1.1.0\Device\Include\TM4C123\TM4C123GH6PM.h")
  #define TIMER4_BASE             0x40034000  // Timer4
C:\ti\TivaWare_C_Series-2.2.0.295\inc/hw_memmap.h(86): warning:  #47-D: incompatible redefinition of macro "TIMER5_BASE"  (declared at line 1576 of "C:\Users\moham\AppData\Local\Arm\Packs\Keil\TM4C_DFP\1.1.0\Device\Include\TM4C123\TM4C123GH6PM.h")
  #define TIMER5_BASE             0x40035000  // Timer5
C:\ti\TivaWare_C_Series-2.2.0.295\inc/hw_memmap.h(87): warning:  #47-D: incompatible redefinition of macro "WTIMER0_BASE"  (declared at line 1577 of "C:\Users\moham\AppData\Local\Arm\Packs\Keil\TM4C_DFP\1.1.0\Device\Include\TM4C123\TM4C123GH6PM.h")
  #define WTIMER0_BASE            0x40036000  // Wide Timer0
C:\ti\TivaWare_C_Series-2.2.0.295\inc/hw_memmap.h(88): warning:  #47-D: incompatible redefinition of macro "WTIMER1_BASE"  (declared at line 1578 of "C:\Users\moham\AppData\Local\Arm\Packs\Keil\TM4C_DFP\1.1.0\Device\Include\TM4C123\TM4C123GH6PM.h")
  #define WTIMER1_BASE            0x40037000  // Wide Timer1
C:\ti\TivaWare_C_Series-2.2.0.295\inc/hw_memmap.h(89): warning:  #47-D: incompatible redefinition of macro "ADC0_BASE"  (declared at line 1579 of "C:\Users\moham\AppData\Local\Arm\Packs\Keil\TM4C_DFP\1.1.0\Device\Include\TM4C123\TM4C123GH6PM.h")
  #define ADC0_BASE               0x40038000  // ADC0
C:\ti\TivaWare_C_Series-2.2.0.295\inc/hw_memmap.h(90): warning:  #47-D: incompatible redefinition of macro "ADC1_BASE"  (declared at line 1580 of "C:\Users\moham\AppData\Local\Arm\Packs\Keil\TM4C_DFP\1.1.0\Device\Include\TM4C123\TM4C123GH6PM.h")
  #define ADC1_BASE               0x40039000  // ADC1
C:\ti\TivaWare_C_Series-2.2.0.295\inc/hw_memmap.h(91): warning:  #47-D: incompatible redefinition of macro "COMP_BASE"  (declared at line 1581 of "C:\Users\moham\AppData\Local\Arm\Packs\Keil\TM4C_DFP\1.1.0\Device\Include\TM4C123\TM4C123GH6PM.h")
  #define COMP_BASE               0x4003C000  // Analog comparators
C:\ti\TivaWare_C_Series-2.2.0.295\inc/hw_memmap.h(93): warning:  #47-D: incompatible redefinition of macro "CAN0_BASE"  (declared at line 1582 of "C:\Users\moham\AppData\Local\Arm\Packs\Keil\TM4C_DFP\1.1.0\Device\Include\TM4C123\TM4C123GH6PM.h")
  #define CAN0_BASE               0x40040000  // CAN0
C:\ti\TivaWare_C_Series-2.2.0.295\inc/hw_memmap.h(94): warning:  #47-D: incompatible redefinition of macro "CAN1_BASE"  (declared at line 1583 of "C:\Users\moham\AppData\Local\Arm\Packs\Keil\TM4C_DFP\1.1.0\Device\Include\TM4C123\TM4C123GH6PM.h")
  #define CAN1_BASE               0x40041000  // CAN1
C:\ti\TivaWare_C_Series-2.2.0.295\inc/hw_memmap.h(95): warning:  #47-D: incompatible redefinition of macro "WTIMER2_BASE"  (declared at line 1584 of "C:\Users\moham\AppData\Local\Arm\Packs\Keil\TM4C_DFP\1.1.0\Device\Include\TM4C123\TM4C123GH6PM.h")
  #define WTIMER2_BASE            0x4004C000  // Wide Timer2
C:\ti\TivaWare_C_Series-2.2.0.295\inc/hw_memmap.h(96): warning:  #47-D: incompatible redefinition of macro "WTIMER3_BASE"  (declared at line 1585 of "C:\Users\moham\AppData\Local\Arm\Packs\Keil\TM4C_DFP\1.1.0\Device\Include\TM4C123\TM4C123GH6PM.h")
  #define WTIMER3_BASE            0x4004D000  // Wide Timer3
C:\ti\TivaWare_C_Series-2.2.0.295\inc/hw_memmap.h(97): warning:  #47-D: incompatible redefinition of macro "WTIMER4_BASE"  (declared at line 1586 of "C:\Users\moham\AppData\Local\Arm\Packs\Keil\TM4C_DFP\1.1.0\Device\Include\TM4C123\TM4C123GH6PM.h")
  #define WTIMER4_BASE            0x4004E000  // Wide Timer4
C:\ti\TivaWare_C_Series-2.2.0.295\inc/hw_memmap.h(98): warning:  #47-D: incompatible redefinition of macro "WTIMER5_BASE"  (declared at line 1587 of "C:\Users\moham\AppData\Local\Arm\Packs\Keil\TM4C_DFP\1.1.0\Device\Include\TM4C123\TM4C123GH6PM.h")
  #define WTIMER5_BASE            0x4004F000  // Wide Timer5
C:\ti\TivaWare_C_Series-2.2.0.295\inc/hw_memmap.h(99): warning:  #47-D: incompatible redefinition of macro "USB0_BASE"  (declared at line 1588 of "C:\Users\moham\AppData\Local\Arm\Packs\Keil\TM4C_DFP\1.1.0\Device\Include\TM4C123\TM4C123GH6PM.h")
  #define USB0_BASE               0x40050000  // USB 0 Controller
C:\ti\TivaWare_C_Series-2.2.0.295\inc/hw_memmap.h(121): warning:  #47-D: incompatible redefinition of macro "EEPROM_BASE"  (declared at line 1595 of "C:\Users\moham\AppData\Local\Arm\Packs\Keil\TM4C_DFP\1.1.0\Device\Include\TM4C123\TM4C123GH6PM.h")
  #define EEPROM_BASE             0x400AF000  // EEPROM memory
C:\ti\TivaWare_C_Series-2.2.0.295\inc/hw_memmap.h(133): warning:  #47-D: incompatible redefinition of macro "SYSEXC_BASE"  (declared at line 1596 of "C:\Users\moham\AppData\Local\Arm\Packs\Keil\TM4C_DFP\1.1.0\Device\Include\TM4C123\TM4C123GH6PM.h")
  #define SYSEXC_BASE             0x400F9000  // System Exception Module
C:\ti\TivaWare_C_Series-2.2.0.295\inc/hw_memmap.h(134): warning:  #47-D: incompatible redefinition of macro "HIB_BASE"  (declared at line 1597 of "C:\Users\moham\AppData\Local\Arm\Packs\Keil\TM4C_DFP\1.1.0\Device\Include\TM4C123\TM4C123GH6PM.h")
  #define HIB_BASE                0x400FC000  // Hibernation Module
C:\ti\TivaWare_C_Series-2.2.0.295\inc/hw_memmap.h(135): warning:  #47-D: incompatible redefinition of macro "FLASH_CTRL_BASE"  (declared at line 1598 of "C:\Users\moham\AppData\Local\Arm\Packs\Keil\TM4C_DFP\1.1.0\Device\Include\TM4C123\TM4C123GH6PM.h")
  #define FLASH_CTRL_BASE         0x400FD000  // FLASH Controller
C:\ti\TivaWare_C_Series-2.2.0.295\inc/hw_memmap.h(136): warning:  #47-D: incompatible redefinition of macro "SYSCTL_BASE"  (declared at line 1599 of "C:\Users\moham\AppData\Local\Arm\Packs\Keil\TM4C_DFP\1.1.0\Device\Include\TM4C123\TM4C123GH6PM.h")
  #define SYSCTL_BASE             0x400FE000  // System Control
C:\ti\TivaWare_C_Series-2.2.0.295\inc/hw_memmap.h(137): warning:  #47-D: incompatible redefinition of macro "UDMA_BASE"  (declared at line 1600 of "C:\Users\moham\AppData\Local\Arm\Packs\Keil\TM4C_DFP\1.1.0\Device\Include\TM4C123\TM4C123GH6PM.h")
  #define UDMA_BASE               0x400FF000  // uDMA Controller
C:\ti\TivaWare_C_Series-2.2.0.295\inc/hw_memmap.h(145): warning:  #47-D: incompatible redefinition of macro "ITM_BASE"  (declared at line 1551 of "C:\Users\moham\AppData\Local\Arm\Packs\ARM\CMSIS\5.7.0\CMSIS\Core\Include\core_cm4.h")
  #define ITM_BASE                0xE0000000  // Instrumentation Trace Macrocell
C:\ti\TivaWare_C_Series-2.2.0.295\inc/hw_memmap.h(146): warning:  #47-D: incompatible redefinition of macro "DWT_BASE"  (declared at line 1552 of "C:\Users\moham\AppData\Local\Arm\Packs\ARM\CMSIS\5.7.0\CMSIS\Core\Include\core_cm4.h")
  #define DWT_BASE                0xE0001000  // Data Watchpoint and Trace
C:\ti\TivaWare_C_Series-2.2.0.295\inc/hw_memmap.h(148): warning:  #47-D: incompatible redefinition of macro "NVIC_BASE"  (declared at line 1556 of "C:\Users\moham\AppData\Local\Arm\Packs\ARM\CMSIS\5.7.0\CMSIS\Core\Include\core_cm4.h")
  #define NVIC_BASE               0xE000E000  // Nested Vectored Interrupt Ctrl
mydrivers\citytimes.c: 49 warnings, 0 errors
compiling queue.c...
compiling timers.c...
compiling main.c...
C:\Users\moham\AppData\Local\Arm\Packs\ARM\CMSIS\5.7.0\CMSIS\Core\Include\core_cm4.h(1551): warning:  #47-D: incompatible redefinition of macro "ITM_BASE"  (declared at line 145 of "C:\ti\TivaWare_C_Series-2.2.0.295\inc/hw_memmap.h")
  #define ITM_BASE            (0xE0000000UL)                            /*!< ITM Base Address */
C:\Users\moham\AppData\Local\Arm\Packs\ARM\CMSIS\5.7.0\CMSIS\Core\Include\core_cm4.h(1552): warning:  #47-D: incompatible redefinition of macro "DWT_BASE"  (declared at line 146 of "C:\ti\TivaWare_C_Series-2.2.0.295\inc/hw_memmap.h")
  #define DWT_BASE            (0xE0001000UL)                            /*!< DWT Base Address */
C:\Users\moham\AppData\Local\Arm\Packs\ARM\CMSIS\5.7.0\CMSIS\Core\Include\core_cm4.h(1556): warning:  #47-D: incompatible redefinition of macro "NVIC_BASE"  (declared at line 148 of "C:\ti\TivaWare_C_Series-2.2.0.295\inc/hw_memmap.h")
  #define NVIC_BASE           (SCS_BASE +  0x0100UL)                    /*!< NVIC Base Address */
C:\Users\moham\AppData\Local\Arm\Packs\Keil\TM4C_DFP\1.1.0\Device\Include\TM4C123\TM4C123GH6PM.h(1543): warning:  #47-D: incompatible redefinition of macro "WATCHDOG0_BASE"  (declared at line 51 of "C:\ti\TivaWare_C_Series-2.2.0.295\inc/hw_memmap.h")
  #define WATCHDOG0_BASE                  0x40000000UL
C:\Users\moham\AppData\Local\Arm\Packs\Keil\TM4C_DFP\1.1.0\Device\Include\TM4C123\TM4C123GH6PM.h(1544): warning:  #47-D: incompatible redefinition of macro "WATCHDOG1_BASE"  (declared at line 52 of "C:\ti\TivaWare_C_Series-2.2.0.295\inc/hw_memmap.h")
  #define WATCHDOG1_BASE                  0x40001000UL
C:\Users\moham\AppData\Local\Arm\Packs\Keil\TM4C_DFP\1.1.0\Device\Include\TM4C123\TM4C123GH6PM.h(1549): warning:  #47-D: incompatible redefinition of macro "SSI0_BASE"  (declared at line 57 of "C:\ti\TivaWare_C_Series-2.2.0.295\inc/hw_memmap.h")
  #define SSI0_BASE                       0x40008000UL
C:\Users\moham\AppData\Local\Arm\Packs\Keil\TM4C_DFP\1.1.0\Device\Include\TM4C123\TM4C123GH6PM.h(1550): warning:  #47-D: incompatible redefinition of macro "SSI1_BASE"  (declared at line 58 of "C:\ti\TivaWare_C_Series-2.2.0.295\inc/hw_memmap.h")
  #define SSI1_BASE                       0x40009000UL
C:\Users\moham\AppData\Local\Arm\Packs\Keil\TM4C_DFP\1.1.0\Device\Include\TM4C123\TM4C123GH6PM.h(1551): warning:  #47-D: incompatible redefinition of macro "SSI2_BASE"  (declared at line 59 of "C:\ti\TivaWare_C_Series-2.2.0.295\inc/hw_memmap.h")
  #define SSI2_BASE                       0x4000A000UL
C:\Users\moham\AppData\Local\Arm\Packs\Keil\TM4C_DFP\1.1.0\Device\Include\TM4C123\TM4C123GH6PM.h(1552): warning:  #47-D: incompatible redefinition of macro "SSI3_BASE"  (declared at line 60 of "C:\ti\TivaWare_C_Series-2.2.0.295\inc/hw_memmap.h")
  #define SSI3_BASE                       0x4000B000UL
C:\Users\moham\AppData\Local\Arm\Packs\Keil\TM4C_DFP\1.1.0\Device\Include\TM4C123\TM4C123GH6PM.h(1553): warning:  #47-D: incompatible redefinition of macro "UART0_BASE"  (declared at line 61 of "C:\ti\TivaWare_C_Series-2.2.0.295\inc/hw_memmap.h")
  #define UART0_BASE                      0x4000C000UL
C:\Users\moham\AppData\Local\Arm\Packs\Keil\TM4C_DFP\1.1.0\Device\Include\TM4C123\TM4C123GH6PM.h(1554): warning:  #47-D: incompatible redefinition of macro "UART1_BASE"  (declared at line 62 of "C:\ti\TivaWare_C_Series-2.2.0.295\inc/hw_memmap.h")
  #define UART1_BASE                      0x4000D000UL
C:\Users\moham\AppData\Local\Arm\Packs\Keil\TM4C_DFP\1.1.0\Device\Include\TM4C123\TM4C123GH6PM.h(1555): warning:  #47-D: incompatible redefinition of macro "UART2_BASE"  (declared at line 63 of "C:\ti\TivaWare_C_Series-2.2.0.295\inc/hw_memmap.h")
  #define UART2_BASE                      0x4000E000UL
C:\Users\moham\AppData\Local\Arm\Packs\Keil\TM4C_DFP\1.1.0\Device\Include\TM4C123\TM4C123GH6PM.h(1556): warning:  #47-D: incompatible redefinition of macro "UART3_BASE"  (declared at line 64 of "C:\ti\TivaWare_C_Series-2.2.0.295\inc/hw_memmap.h")
  #define UART3_BASE                      0x4000F000UL
C:\Users\moham\AppData\Local\Arm\Packs\Keil\TM4C_DFP\1.1.0\Device\Include\TM4C123\TM4C123GH6PM.h(1557): warning:  #47-D: incompatible redefinition of macro "UART4_BASE"  (declared at line 65 of "C:\ti\TivaWare_C_Series-2.2.0.295\inc/hw_memmap.h")
  #define UART4_BASE                      0x40010000UL
C:\Users\moham\AppData\Local\Arm\Packs\Keil\TM4C_DFP\1.1.0\Device\Include\TM4C123\TM4C123GH6PM.h(1558): warning:  #47-D: incompatible redefinition of macro "UART5_BASE"  (declared at line 66 of "C:\ti\TivaWare_C_Series-2.2.0.295\inc/hw_memmap.h")
  #define UART5_BASE                      0x40011000UL
C:\Users\moham\AppData\Local\Arm\Packs\Keil\TM4C_DFP\1.1.0\Device\Include\TM4C123\TM4C123GH6PM.h(1559): warning:  #47-D: incompatible redefinition of macro "UART6_BASE"  (declared at line 67 of "C:\ti\TivaWare_C_Series-2.2.0.295\inc/hw_memmap.h")
  #define UART6_BASE                      0x40012000UL
C:\Users\moham\AppData\Local\Arm\Packs\Keil\TM4C_DFP\1.1.0\Device\Include\TM4C123\TM4C123GH6PM.h(1560): warning:  #47-D: incompatible redefinition of macro "UART7_BASE"  (declared at line 68 of "C:\ti\TivaWare_C_Series-2.2.0.295\inc/hw_memmap.h")
  #define UART7_BASE                      0x40013000UL
C:\Users\moham\AppData\Local\Arm\Packs\Keil\TM4C_DFP\1.1.0\Device\Include\TM4C123\TM4C123GH6PM.h(1561): warning:  #47-D: incompatible redefinition of macro "I2C0_BASE"  (declared at line 69 of "C:\ti\TivaWare_C_Series-2.2.0.295\inc/hw_memmap.h")
  #define I2C0_BASE                       0x40020000UL
C:\Users\moham\AppData\Local\Arm\Packs\Keil\TM4C_DFP\1.1.0\Device\Include\TM4C123\TM4C123GH6PM.h(1562): warning:  #47-D: incompatible redefinition of macro "I2C1_BASE"  (declared at line 70 of "C:\ti\TivaWare_C_Series-2.2.0.295\inc/hw_memmap.h")
  #define I2C1_BASE                       0x40021000UL
C:\Users\moham\AppData\Local\Arm\Packs\Keil\TM4C_DFP\1.1.0\Device\Include\TM4C123\TM4C123GH6PM.h(1563): warning:  #47-D: incompatible redefinition of macro "I2C2_BASE"  (declared at line 71 of "C:\ti\TivaWare_C_Series-2.2.0.295\inc/hw_memmap.h")
  #define I2C2_BASE                       0x40022000UL
C:\Users\moham\AppData\Local\Arm\Packs\Keil\TM4C_DFP\1.1.0\Device\Include\TM4C123\TM4C123GH6PM.h(1564): warning:  #47-D: incompatible redefinition of macro "I2C3_BASE"  (declared at line 72 of "C:\ti\TivaWare_C_Series-2.2.0.295\inc/hw_memmap.h")
  #define I2C3_BASE                       0x40023000UL
C:\Users\moham\AppData\Local\Arm\Packs\Keil\TM4C_DFP\1.1.0\Device\Include\TM4C123\TM4C123GH6PM.h(1567): warning:  #47-D: incompatible redefinition of macro "PWM0_BASE"  (declared at line 77 of "C:\ti\TivaWare_C_Series-2.2.0.295\inc/hw_memmap.h")
  #define PWM0_BASE                       0x40028000UL
C:\Users\moham\AppData\Local\Arm\Packs\Keil\TM4C_DFP\1.1.0\Device\Include\TM4C123\TM4C123GH6PM.h(1568): warning:  #47-D: incompatible redefinition of macro "PWM1_BASE"  (declared at line 78 of "C:\ti\TivaWare_C_Series-2.2.0.295\inc/hw_memmap.h")
  #define PWM1_BASE                       0x40029000UL
C:\Users\moham\AppData\Local\Arm\Packs\Keil\TM4C_DFP\1.1.0\Device\Include\TM4C123\TM4C123GH6PM.h(1569): warning:  #47-D: incompatible redefinition of macro "QEI0_BASE"  (declared at line 79 of "C:\ti\TivaWare_C_Series-2.2.0.295\inc/hw_memmap.h")
  #define QEI0_BASE                       0x4002C000UL
C:\Users\moham\AppData\Local\Arm\Packs\Keil\TM4C_DFP\1.1.0\Device\Include\TM4C123\TM4C123GH6PM.h(1570): warning:  #47-D: incompatible redefinition of macro "QEI1_BASE"  (declared at line 80 of "C:\ti\TivaWare_C_Series-2.2.0.295\inc/hw_memmap.h")
  #define QEI1_BASE                       0x4002D000UL
C:\Users\moham\AppData\Local\Arm\Packs\Keil\TM4C_DFP\1.1.0\Device\Include\TM4C123\TM4C123GH6PM.h(1571): warning:  #47-D: incompatible redefinition of macro "TIMER0_BASE"  (declared at line 81 of "C:\ti\TivaWare_C_Series-2.2.0.295\inc/hw_memmap.h")
  #define TIMER0_BASE                     0x40030000UL
C:\Users\moham\AppData\Local\Arm\Packs\Keil\TM4C_DFP\1.1.0\Device\Include\TM4C123\TM4C123GH6PM.h(1572): warning:  #47-D: incompatible redefinition of macro "TIMER1_BASE"  (declared at line 82 of "C:\ti\TivaWare_C_Series-2.2.0.295\inc/hw_memmap.h")
  #define TIMER1_BASE                     0x40031000UL
C:\Users\moham\AppData\Local\Arm\Packs\Keil\TM4C_DFP\1.1.0\Device\Include\TM4C123\TM4C123GH6PM.h(1573): warning:  #47-D: incompatible redefinition of macro "TIMER2_BASE"  (declared at line 83 of "C:\ti\TivaWare_C_Series-2.2.0.295\inc/hw_memmap.h")
  #define TIMER2_BASE                     0x40032000UL
C:\Users\moham\AppData\Local\Arm\Packs\Keil\TM4C_DFP\1.1.0\Device\Include\TM4C123\TM4C123GH6PM.h(1574): warning:  #47-D: incompatible redefinition of macro "TIMER3_BASE"  (declared at line 84 of "C:\ti\TivaWare_C_Series-2.2.0.295\inc/hw_memmap.h")
  #define TIMER3_BASE                     0x40033000UL
C:\Users\moham\AppData\Local\Arm\Packs\Keil\TM4C_DFP\1.1.0\Device\Include\TM4C123\TM4C123GH6PM.h(1575): warning:  #47-D: incompatible redefinition of macro "TIMER4_BASE"  (declared at line 85 of "C:\ti\TivaWare_C_Series-2.2.0.295\inc/hw_memmap.h")
  #define TIMER4_BASE                     0x40034000UL
C:\Users\moham\AppData\Local\Arm\Packs\Keil\TM4C_DFP\1.1.0\Device\Include\TM4C123\TM4C123GH6PM.h(1576): warning:  #47-D: incompatible redefinition of macro "TIMER5_BASE"  (declared at line 86 of "C:\ti\TivaWare_C_Series-2.2.0.295\inc/hw_memmap.h")
  #define TIMER5_BASE                     0x40035000UL
C:\Users\moham\AppData\Local\Arm\Packs\Keil\TM4C_DFP\1.1.0\Device\Include\TM4C123\TM4C123GH6PM.h(1577): warning:  #47-D: incompatible redefinition of macro "WTIMER0_BASE"  (declared at line 87 of "C:\ti\TivaWare_C_Series-2.2.0.295\inc/hw_memmap.h")
  #define WTIMER0_BASE                    0x40036000UL
C:\Users\moham\AppData\Local\Arm\Packs\Keil\TM4C_DFP\1.1.0\Device\Include\TM4C123\TM4C123GH6PM.h(1578): warning:  #47-D: incompatible redefinition of macro "WTIMER1_BASE"  (declared at line 88 of "C:\ti\TivaWare_C_Series-2.2.0.295\inc/hw_memmap.h")
  #define WTIMER1_BASE                    0x40037000UL
C:\Users\moham\AppData\Local\Arm\Packs\Keil\TM4C_DFP\1.1.0\Device\Include\TM4C123\TM4C123GH6PM.h(1579): warning:  #47-D: incompatible redefinition of macro "ADC0_BASE"  (declared at line 89 of "C:\ti\TivaWare_C_Series-2.2.0.295\inc/hw_memmap.h")
  #define ADC0_BASE                       0x40038000UL
C:\Users\moham\AppData\Local\Arm\Packs\Keil\TM4C_DFP\1.1.0\Device\Include\TM4C123\TM4C123GH6PM.h(1580): warning:  #47-D: incompatible redefinition of macro "ADC1_BASE"  (declared at line 90 of "C:\ti\TivaWare_C_Series-2.2.0.295\inc/hw_memmap.h")
  #define ADC1_BASE                       0x40039000UL
C:\Users\moham\AppData\Local\Arm\Packs\Keil\TM4C_DFP\1.1.0\Device\Include\TM4C123\TM4C123GH6PM.h(1581): warning:  #47-D: incompatible redefinition of macro "COMP_BASE"  (declared at line 91 of "C:\ti\TivaWare_C_Series-2.2.0.295\inc/hw_memmap.h")
  #define COMP_BASE                       0x4003C000UL
C:\Users\moham\AppData\Local\Arm\Packs\Keil\TM4C_DFP\1.1.0\Device\Include\TM4C123\TM4C123GH6PM.h(1582): warning:  #47-D: incompatible redefinition of macro "CAN0_BASE"  (declared at line 93 of "C:\ti\TivaWare_C_Series-2.2.0.295\inc/hw_memmap.h")
  #define CAN0_BASE                       0x40040000UL
C:\Users\moham\AppData\Local\Arm\Packs\Keil\TM4C_DFP\1.1.0\Device\Include\TM4C123\TM4C123GH6PM.h(1583): warning:  #47-D: incompatible redefinition of macro "CAN1_BASE"  (declared at line 94 of "C:\ti\TivaWare_C_Series-2.2.0.295\inc/hw_memmap.h")
  #define CAN1_BASE                       0x40041000UL
C:\Users\moham\AppData\Local\Arm\Packs\Keil\TM4C_DFP\1.1.0\Device\Include\TM4C123\TM4C123GH6PM.h(1584): warning:  #47-D: incompatible redefinition of macro "WTIMER2_BASE"  (declared at line 95 of "C:\ti\TivaWare_C_Series-2.2.0.295\inc/hw_memmap.h")
  #define WTIMER2_BASE                    0x4004C000UL
C:\Users\moham\AppData\Local\Arm\Packs\Keil\TM4C_DFP\1.1.0\Device\Include\TM4C123\TM4C123GH6PM.h(1585): warning:  #47-D: incompatible redefinition of macro "WTIMER3_BASE"  (declared at line 96 of "C:\ti\TivaWare_C_Series-2.2.0.295\inc/hw_memmap.h")
  #define WTIMER3_BASE                    0x4004D000UL
C:\Users\moham\AppData\Local\Arm\Packs\Keil\TM4C_DFP\1.1.0\Device\Include\TM4C123\TM4C123GH6PM.h(1586): warning:  #47-D: incompatible redefinition of macro "WTIMER4_BASE"  (declared at line 97 of "C:\ti\TivaWare_C_Series-2.2.0.295\inc/hw_memmap.h")
  #define WTIMER4_BASE                    0x4004E000UL
C:\Users\moham\AppData\Local\Arm\Packs\Keil\TM4C_DFP\1.1.0\Device\Include\TM4C123\TM4C123GH6PM.h(1587): warning:  #47-D: incompatible redefinition of macro "WTIMER5_BASE"  (declared at line 98 of "C:\ti\TivaWare_C_Series-2.2.0.295\inc/hw_memmap.h")
  #define WTIMER5_BASE                    0x4004F000UL
C:\Users\moham\AppData\Local\Arm\Packs\Keil\TM4C_DFP\1.1.0\Device\Include\TM4C123\TM4C123GH6PM.h(1588): warning:  #47-D: incompatible redefinition of macro "USB0_BASE"  (declared at line 99 of "C:\ti\TivaWare_C_Series-2.2.0.295\inc/hw_memmap.h")
  #define USB0_BASE                       0x40050000UL
C:\Users\moham\AppData\Local\Arm\Packs\Keil\TM4C_DFP\1.1.0\Device\Include\TM4C123\TM4C123GH6PM.h(1595): warning:  #47-D: incompatible redefinition of macro "EEPROM_BASE"  (declared at line 121 of "C:\ti\TivaWare_C_Series-2.2.0.295\inc/hw_memmap.h")
  #define EEPROM_BASE                     0x400AF000UL
C:\Users\moham\AppData\Local\Arm\Packs\Keil\TM4C_DFP\1.1.0\Device\Include\TM4C123\TM4C123GH6PM.h(1596): warning:  #47-D: incompatible redefinition of macro "SYSEXC_BASE"  (declared at line 133 of "C:\ti\TivaWare_C_Series-2.2.0.295\inc/hw_memmap.h")
  #define SYSEXC_BASE                     0x400F9000UL
C:\Users\moham\AppData\Local\Arm\Packs\Keil\TM4C_DFP\1.1.0\Device\Include\TM4C123\TM4C123GH6PM.h(1597): warning:  #47-D: incompatible redefinition of macro "HIB_BASE"  (declared at line 134 of "C:\ti\TivaWare_C_Series-2.2.0.295\inc/hw_memmap.h")
  #define HIB_BASE                        0x400FC000UL
C:\Users\moham\AppData\Local\Arm\Packs\Keil\TM4C_DFP\1.1.0\Device\Include\TM4C123\TM4C123GH6PM.h(1598): warning:  #47-D: incompatible redefinition of macro "FLASH_CTRL_BASE"  (declared at line 135 of "C:\ti\TivaWare_C_Series-2.2.0.295\inc/hw_memmap.h")
  #define FLASH_CTRL_BASE                 0x400FD000UL
C:\Users\moham\AppData\Local\Arm\Packs\Keil\TM4C_DFP\1.1.0\Device\Include\TM4C123\TM4C123GH6PM.h(1599): warning:  #47-D: incompatible redefinition of macro "SYSCTL_BASE"  (declared at line 136 of "C:\ti\TivaWare_C_Series-2.2.0.295\inc/hw_memmap.h")
  #define SYSCTL_BASE                     0x400FE000UL
C:\Users\moham\AppData\Local\Arm\Packs\Keil\TM4C_DFP\1.1.0\Device\Include\TM4C123\TM4C123GH6PM.h(1600): warning:  #47-D: incompatible redefinition of macro "UDMA_BASE"  (declared at line 137 of "C:\ti\TivaWare_C_Series-2.2.0.295\inc/hw_memmap.h")
  #define UDMA_BASE                       0x400FF000UL
main.c: 49 warnings, 0 errors
compiling tasks.c...
linking...
Program Size: Code=11268 RO-data=924 RW-data=244 ZI-data=12156  
".\Objects\time_Project.axf" - 0 Error(s), 103 Warning(s).

<h2>Software Packages used:</h2>

Package Vendor: ARM
                http://www.keil.com/pack/ARM.CMSIS.5.7.0.pack
                ARM.CMSIS.5.7.0
                CMSIS (Cortex Microcontroller Software Interface Standard)
   * Component: RTOS2 Version: 2.1.3
   * Component: CORE Version: 5.4.0

Package Vendor: ARM
                http://www.keil.com/pack/ARM.CMSIS-FreeRTOS.10.3.1.pack
                ARM.CMSIS-FreeRTOS.10.3.1
                Bundle of FreeRTOS for Cortex-M and Cortex-A
   * Component: Config Variant: CMSIS RTOS2 Version: 10.3.1
   * Component: Core Variant: Cortex-M Version: 10.3.1
   * Component: Event Groups Version: 10.3.1
   * Component: Heap Variant: Heap_4 Version: 10.3.1
   * Component: Timers Version: 10.3.1
   * Component: FreeRTOS Variant: Cortex-M Version: 10.3.1

Package Vendor: Keil
                http://www.keil.com/pack/Keil.TM4C_DFP.1.1.0.pack
                Keil.TM4C_DFP.1.1.0
                Texas Instruments Tiva C Series Device Support and Examples
   * Component: Startup Version: 1.0.1

<h2>Collection of Component include folders:</h2>
  .\RTE\RTOS
  .\RTE\_Target_1
  C:\Users\moham\AppData\Local\Arm\Packs\ARM\CMSIS-FreeRTOS\10.3.1\CMSIS\RTOS2\FreeRTOS\Include
  C:\Users\moham\AppData\Local\Arm\Packs\ARM\CMSIS-FreeRTOS\10.3.1\Source\include
  C:\Users\moham\AppData\Local\Arm\Packs\ARM\CMSIS-FreeRTOS\10.3.1\Source\portable\RVDS\ARM_CM4F
  C:\Users\moham\AppData\Local\Arm\Packs\ARM\CMSIS\5.7.0\CMSIS\Core\Include
  C:\Users\moham\AppData\Local\Arm\Packs\ARM\CMSIS\5.7.0\CMSIS\RTOS2\Include
  C:\Users\moham\AppData\Local\Arm\Packs\Keil\TM4C_DFP\1.1.0\Device\Include\TM4C123

<h2>Collection of Component Files used:</h2>

   * Component: ::CMSIS:RTOS2:2.1.3 (API)
      Include file:  CMSIS\RTOS2\Include\cmsis_os2.h

   * Component: ARM.FreeRTOS::RTOS:Config:CMSIS RTOS2:10.3.1
      Include file:  CMSIS\RTOS2\FreeRTOS\Config\ARMCM\FreeRTOSConfig.h

   * Component: ARM.FreeRTOS::RTOS:Core:Cortex-M:10.3.1
      Source file:   Source\tasks.c
      Include file:  Source\include\semphr.h
      Source file:   Source\queue.c
      Source file:   Source\portable\RVDS\ARM_CM4F\port.c
      Include file:  Source\include\queue.h
      Include file:  Source\include\task.h
      Source file:   Source\list.c
      Include file:  Source\include\FreeRTOS.h
      Source file:   CMSIS\RTOS2\FreeRTOS\Source\freertos_evr.c

   * Component: ARM.FreeRTOS::RTOS:Event Groups:10.3.1
      Include file:  Source\include\event_groups.h
      Source file:   Source\event_groups.c

   * Component: ARM.FreeRTOS::RTOS:Heap:Heap_4:10.3.1
      Source file:   Source\portable\MemMang\heap_4.c

   * Component: ARM.FreeRTOS::RTOS:Timers:10.3.1
      Source file:   Source\timers.c
      Include file:  Source\include\timers.h

   * Component: ARM::CMSIS:CORE:5.4.0

   * Component: ARM::CMSIS:RTOS2:FreeRTOS:Cortex-M:10.3.1
      Source file:   CMSIS\RTOS2\FreeRTOS\Source\os_systick.c
      Include file:  CMSIS\RTOS2\FreeRTOS\Include\freertos_mpool.h
      Source file:   CMSIS\RTOS2\FreeRTOS\Source\cmsis_os2.c
      Source file:   CMSIS\RTOS2\FreeRTOS\Source\ARM\clib_arm.c

   * Component: Keil::Device:Startup:1.0.1
      Source file:   Device\Source\system_TM4C123.c
      Include file:  Device\Include\TM4C123\TM4C123.h
      Source file:   Device\Source\ARM\startup_TM4C123.s
Build Time Elapsed:  00:00:03
</pre>
</body>
</html>
