Component: ARM Compiler 5.06 update 7 (build 960) Tool: armlink [4d3601]

==============================================================================

Section Cross References

    main.o(i.main) refers to queue.o(i.xQueueGenericCreate) for xQueueGenericCreate
    main.o(i.main) refers to tasks.o(i.xTaskCreate) for xTaskCreate
    main.o(i.main) refers to tasks.o(i.vTaskStartScheduler) for vTaskStartScheduler
    main.o(i.main) refers to main.o(.data) for xQueue1
    main.o(i.main) refers to citytimes.o(i.Task1) for Task1
    main.o(i.main) refers to citytimes.o(i.Task2) for Task2
    main.o(i.main) refers to citytimes.o(i.Task3) for Task3
    main.o(i.main) refers to citytimes.o(i.InitTask) for InitTask
    lcd.o(i.LCD_Command) refers to sysctl.o(.emb_text) for SysCtlDelay
    lcd.o(i.LCD_Print) refers to strlen.o(.text) for strlen
    lcd.o(i.LCD_Print) refers to lcd.o(i.LCD_setCursor) for LCD_setCursor
    lcd.o(i.LCD_Print) refers to lcd.o(i.LCD_printChar) for LCD_printChar
    lcd.o(i.LCD_Print) refers to lcd.o(i.LCD_Command) for LCD_Command
    lcd.o(i.LCD_PrintLn) refers to lcd.o(i.LCD_setCursor) for LCD_setCursor
    lcd.o(i.LCD_PrintLn) refers to lcd.o(i.LCD_printChar) for LCD_printChar
    lcd.o(i.LCD_PrintLn) refers to strlen.o(.text) for strlen
    lcd.o(i.LCD_PrintLn) refers to lcd.o(i.LCD_Command) for LCD_Command
    lcd.o(i.LCD_clearScreen) refers to lcd.o(i.LCD_Command) for LCD_Command
    lcd.o(i.LCD_displayString) refers to lcd.o(i.LCD_printChar) for LCD_printChar
    lcd.o(i.LCD_displayStringRowColumn) refers to lcd.o(i.LCD_setCursor) for LCD_setCursor
    lcd.o(i.LCD_displayStringRowColumn) refers to lcd.o(i.LCD_displayString) for LCD_displayString
    lcd.o(i.LCD_init) refers to sysctl.o(.emb_text) for SysCtlDelay
    lcd.o(i.LCD_init) refers to lcd.o(i.LCD_Command) for LCD_Command
    lcd.o(i.LCD_intgerToString) refers to lcd.o(i.itoa) for itoa
    lcd.o(i.LCD_intgerToString) refers to lcd.o(i.LCD_displayString) for LCD_displayString
    lcd.o(i.LCD_printChar) refers to sysctl.o(.emb_text) for SysCtlDelay
    lcd.o(i.LCD_setCursor) refers to lcd.o(i.LCD_Command) for LCD_Command
    lcd.o(i.itoa) refers to _printf_percent.o(.ARM.Collect$$_printf_percent$$00000000) for _printf_percent
    lcd.o(i.itoa) refers to _printf_d.o(.ARM.Collect$$_printf_percent$$00000009) for _printf_d
    lcd.o(i.itoa) refers to _printf_dec.o(.text) for _printf_int_dec
    lcd.o(i.itoa) refers to noretval__2sprintf.o(.text) for __2sprintf
    uart.o(i.UART0_sendString) refers to uart.o(i.UART0_SendChar) for UART0_SendChar
    citytimes.o(i.InitTask) refers to uart.o(i.init_UART) for init_UART
    citytimes.o(i.InitTask) refers to tasks.o(i.vTaskSuspend) for vTaskSuspend
    citytimes.o(i.Ltrim) refers to rt_ctype_table.o(.text) for __rt_ctype_table
    citytimes.o(i.Ltrim) refers to strlen.o(.text) for strlen
    citytimes.o(i.Read_From_Keyboard) refers to uart.o(i.UART0_CharGet) for UART0_CharGet
    citytimes.o(i.Read_From_Keyboard) refers to uart.o(i.UART0_SendChar) for UART0_SendChar
    citytimes.o(i.Read_Time) refers to uart.o(i.UART0_CharGet) for UART0_CharGet
    citytimes.o(i.Read_Time) refers to uart.o(i.UART0_SendChar) for UART0_SendChar
    citytimes.o(i.Task1) refers to queue.o(i.xQueueReceive) for xQueueReceive
    citytimes.o(i.Task1) refers to tasks.o(i.vTaskDelay) for vTaskDelay
    citytimes.o(i.Task1) refers to queue.o(i.xQueueGenericSend) for xQueueGenericSend
    citytimes.o(i.Task1) refers to main.o(.data) for xQueue2
    citytimes.o(i.Task2) refers to _printf_percent.o(.ARM.Collect$$_printf_percent$$00000000) for _printf_percent
    citytimes.o(i.Task2) refers to _printf_d.o(.ARM.Collect$$_printf_percent$$00000009) for _printf_d
    citytimes.o(i.Task2) refers to _printf_dec.o(.text) for _printf_int_dec
    citytimes.o(i.Task2) refers to lcd.o(i.LCD_init) for LCD_init
    citytimes.o(i.Task2) refers to lcd.o(i.LCD_Command) for LCD_Command
    citytimes.o(i.Task2) refers to queue.o(i.xQueueReceive) for xQueueReceive
    citytimes.o(i.Task2) refers to lcd.o(i.LCD_PrintLn) for LCD_PrintLn
    citytimes.o(i.Task2) refers to noretval__2sprintf.o(.text) for __2sprintf
    citytimes.o(i.Task2) refers to citytimes.o(i.Ltrim) for Ltrim
    citytimes.o(i.Task2) refers to lcd.o(i.LCD_setCursor) for LCD_setCursor
    citytimes.o(i.Task2) refers to lcd.o(i.LCD_printChar) for LCD_printChar
    citytimes.o(i.Task2) refers to citytimes.o(.data) for selection
    citytimes.o(i.Task2) refers to main.o(.data) for xQueue1
    citytimes.o(i.Task3) refers to uart.o(i.UART0_sendString) for UART0_sendString
    citytimes.o(i.Task3) refers to citytimes.o(i.Read_Time) for Read_Time
    citytimes.o(i.Task3) refers to queue.o(i.xQueueGenericSend) for xQueueGenericSend
    citytimes.o(i.Task3) refers to uart.o(i.UART0_SendChar) for UART0_SendChar
    citytimes.o(i.Task3) refers to citytimes.o(i.Read_From_Keyboard) for Read_From_Keyboard
    citytimes.o(i.Task3) refers to main.o(.data) for xQueue2
[...]
    !!handler_copy                           0x000002a8   Section       26  __scatter_copy.o(!!handler_copy)
    !!handler_zi                             0x000002c4   Section       28  __scatter_zi.o(!!handler_zi)
    .ARM.Collect$$_printf_percent$$00000000  0x000002e0   Section        0  _printf_percent.o(.ARM.Collect$$_printf_percent$$00000000)
    .ARM.Collect$$_printf_percent$$00000009  0x000002e0   Section        6  _printf_d.o(.ARM.Collect$$_printf_percent$$00000009)
    .ARM.Collect$$_printf_percent$$00000017  0x000002e6   Section        4  _printf_percent_end.o(.ARM.Collect$$_printf_percent$$00000017)
    .ARM.Collect$$libinit$$00000000          0x000002ea   Section        2  libinit.o(.ARM.Collect$$libinit$$00000000)
    .ARM.Collect$$libinit$$00000001          0x000002ec   Section        4  libinit2.o(.ARM.Collect$$libinit$$00000001)
    .ARM.Collect$$libinit$$00000004          0x000002f0   Section        0  libinit2.o(.ARM.Collect$$libinit$$00000004)
    .ARM.Collect$$libinit$$0000000A          0x000002f0   Section        0  libinit2.o(.ARM.Collect$$libinit$$0000000A)
    .ARM.Collect$$libinit$$0000000C          0x000002f0   Section        0  libinit2.o(.ARM.Collect$$libinit$$0000000C)
    .ARM.Collect$$libinit$$0000000E          0x000002f0   Section        0  libinit2.o(.ARM.Collect$$libinit$$0000000E)
    .ARM.Collect$$libinit$$0000000F          0x000002f0   Section        6  libinit2.o(.ARM.Collect$$libinit$$0000000F)
    .ARM.Collect$$libinit$$00000011          0x000002f6   Section        0  libinit2.o(.ARM.Collect$$libinit$$00000011)
    .ARM.Collect$$libinit$$00000012          0x000002f6   Section       12  libinit2.o(.ARM.Collect$$libinit$$00000012)
    .ARM.Collect$$libinit$$00000013          0x00000302   Section        0  libinit2.o(.ARM.Collect$$libinit$$00000013)
    .ARM.Collect$$libinit$$00000015          0x00000302   Section        0  libinit2.o(.ARM.Collect$$libinit$$00000015)
    .ARM.Collect$$libinit$$00000017          0x00000302   Section        0  libinit2.o(.ARM.Collect$$libinit$$00000017)
    .ARM.Collect$$libinit$$00000019          0x00000302   Section        0  libinit2.o(.ARM.Collect$$libinit$$00000019)
    .ARM.Collect$$libinit$$0000001B          0x00000302   Section        0  libinit2.o(.ARM.Collect$$libinit$$0000001B)
    .ARM.Collect$$libinit$$0000001D          0x00000302   Section        0  libinit2.o(.ARM.Collect$$libinit$$0000001D)
    .ARM.Collect$$libinit$$0000001F          0x00000302   Section        0  libinit2.o(.ARM.Collect$$libinit$$0000001F)
    .ARM.Collect$$libinit$$00000021          0x00000302   Section        0  libinit2.o(.ARM.Collect$$libinit$$00000021)
    .ARM.Collect$$libinit$$00000023          0x00000302   Section        0  libinit2.o(.ARM.Collect$$libinit$$00000023)
    .ARM.Collect$$libinit$$00000025          0x00000302   Section        0  libinit2.o(.ARM.Collect$$libinit$$00000025)
    .ARM.Collect$$libinit$$0000002C          0x00000302   Section        0  libinit2.o(.ARM.Collect$$libinit$$0000002C)
    .ARM.Collect$$libinit$$0000002E          0x00000302   Section        0  libinit2.o(.ARM.Collect$$libinit$$0000002E)
    .ARM.Collect$$libinit$$00000030          0x00000302   Section        0  libinit2.o(.ARM.Collect$$libinit$$00000030)
    .ARM.Collect$$libinit$$00000032          0x00000302   Section        0  libinit2.o(.ARM.Collect$$libinit$$00000032)
    .ARM.Collect$$libinit$$00000033          0x00000302   Section        2  libinit2.o(.ARM.Collect$$libinit$$00000033)
    .ARM.Collect$$libshutdown$$00000000      0x00000304   Section        2  libshutdown.o(.ARM.Collect$$libshutdown$$00000000)
    .ARM.Collect$$libshutdown$$00000002      0x00000306   Section        0  libshutdown2.o(.ARM.Collect$$libshutdown$$00000002)
    .ARM.Collect$$libshutdown$$00000004      0x00000306   Section        0  libshutdown2.o(.ARM.Collect$$libshutdown$$00000004)
    .ARM.Collect$$libshutdown$$00000006      0x00000306   Section        0  libshutdown2.o(.ARM.Collect$$libshutdown$$00000006)
    .ARM.Collect$$libshutdown$$00000009      0x00000306   Section        0  libshutdown2.o(.ARM.Collect$$libshutdown$$00000009)
    .ARM.Collect$$libshutdown$$0000000C      0x00000306   Section        0  libshutdown2.o(.ARM.Collect$$libshutdown$$0000000C)
    .ARM.Collect$$libshutdown$$0000000E      0x00000306   Section        0  libshutdown2.o(.ARM.Collect$$libshutdown$$0000000E)
    .ARM.Collect$$libshutdown$$00000011      0x00000306   Section        0  libshutdown2.o(.ARM.Collect$$libshutdown$$00000011)
    .ARM.Collect$$libshutdown$$00000012      0x00000306   Section        2  libshutdown2.o(.ARM.Collect$$libshutdown$$00000012)
    .ARM.Collect$$rtentry$$00000000          0x00000308   Section        0  __rtentry.o(.ARM.Collect$$rtentry$$00000000)
    .ARM.Collect$$rtentry$$00000002          0x00000308   Section        0  __rtentry2.o(.ARM.Collect$$rtentry$$00000002)
    .ARM.Collect$$rtentry$$00000004          0x00000308   Section        6  __rtentry4.o(.ARM.Collect$$rtentry$$00000004)
    .ARM.Collect$$rtentry$$00000008          0x0000030e   Section        8  __rtentry2.o(.ARM.Collect$$rtentry$$00000008)
    .ARM.Collect$$rtentry$$0000000A          0x00000316   Section        4  __rtentry2.o(.ARM.Collect$$rtentry$$0000000A)
    .ARM.Collect$$rtentry$$0000000C          0x0000031a   Section        0  __rtentry2.o(.ARM.Collect$$rtentry$$0000000C)
    .ARM.Collect$$rtentry$$0000000D          0x0000031a   Section        8  __rtentry2.o(.ARM.Collect$$rtentry$$0000000D)
    .ARM.Collect$$rtexit$$00000000           0x00000322   Section        2  rtexit.o(.ARM.Collect$$rtexit$$00000000)
    .ARM.Collect$$rtexit$$00000002           0x00000324   Section        0  rtexit2.o(.ARM.Collect$$rtexit$$00000002)
    .ARM.Collect$$rtexit$$00000003           0x00000324   Section        4  rtexit2.o(.ARM.Collect$$rtexit$$00000003)
    .ARM.Collect$$rtexit$$00000004           0x00000328   Section        6  rtexit2.o(.ARM.Collect$$rtexit$$00000004)
    .emb_text                                0x00000330   Section      190  port.o(.emb_text)
    $v0                                      0x00000330   Number         0  port.o(.emb_text)
    .emb_text                                0x000003f0   Section        6  sysctl.o(.emb_text)
    $v0                                      0x000003f0   Number         0  sysctl.o(.emb_text)
    .text                                    0x000003f8   Section      276  startup_tm4c123.o(.text)
    $v0                                      0x000003f8   Number         0  startup_tm4c123.o(.text)
    .text                                    0x0000050c   Section       16  rt_ctype_table.o(.text)
    .text                                    0x0000051c   Section        0  noretval__2sprintf.o(.text)
    .text                                    0x00000544   Section        0  __printf.o(.text)
    .text                                    0x000005ac   Section        0  _printf_dec.o(.text)
    .text                                    0x00000624   Section        0  strlen.o(.text)
    .text                                    0x00000662   Section      138  rt_memcpy_v6.o(.text)
    .text                                    0x000006ec   Section       16  aeabi_memset.o(.text)
    .text                                    0x000006fc   Section        0  heapauxi.o(.text)
    .text                                    0x00000702   Section       10  rt_locale_twolibspace.o(.text)
    .text                                    0x0000070c   Section        0  _printf_intcommon.o(.text)
    .text                                    0x000007c0   Section        0  _printf_char_common.o(.text)
    _printf_input_char                       0x000007c1   Thumb Code    10  _printf_char_common.o(.text)
    .text                                    0x000007f0   Section        0  _sputc.o(.text)
    .text                                    0x000007fa   Section      100  rt_memcpy_w.o(.text)
    .text                                    0x0000085e   Section       68  rt_memclr.o(.text)
    .text                                    0x000008a4   Section        8  libspace.o(.text)
    .text                                    0x000008ac   Section       78  rt_memclr_w.o(.text)
    .text                                    0x000008fc   Section      128  strcmpv7m.o(.text)
    .text                                    0x0000097c   Section       74  sys_stackheap_outer.o(.text)
    .text                                    0x000009c6   Section        0  exit.o(.text)
    .text                                    0x000009d8   Section        0  sys_exit.o(.text)
    .text                                    0x000009e4   Section        2  use_no_semi.o(.text)
    .text                                    0x000009e6   Section        0  indicate_semi.o(.text)
    i.InitTask                               0x000009e6   Section        0  citytimes.o(i.InitTask)
    i.LCD_Command                            0x000009f8   Section        0  lcd.o(i.LCD_Command)
    i.LCD_PrintLn                            0x00000aa4   Section        0  lcd.o(i.LCD_PrintLn)
    i.LCD_init                               0x00000ad4   Section        0  lcd.o(i.LCD_init)
    i.LCD_printChar                          0x00000c48   Section        0  lcd.o(i.LCD_printChar)
    i.LCD_setCursor                          0x00000cf4   Section        0  lcd.o(i.LCD_setCursor)
    i.Ltrim                                  0x00000d2e   Section        0  citytimes.o(i.Ltrim)
    i.Read_From_Keyboard                     0x00000d7c   Section        0  citytimes.o(i.Read_From_Keyboard)
    i.Read_Time                              0x00000da8   Section        0  citytimes.o(i.Read_Time)
    i.SysTick_Handler                        0x00000dd2   Section        0  cmsis_os2.o(i.SysTick_Handler)
    i.SystemInit                             0x00000de8   Section        0  system_tm4c123.o(i.SystemInit)
    i.Task1                                  0x00000dfc   Section        0  citytimes.o(i.Task1)
    i.Task2                                  0x00000e90   Section        0  citytimes.o(i.Task2)
    i.Task3                                  0x00000fd0   Section        0  citytimes.o(i.Task3)
    i.UART0_CharGet                          0x00001120   Section        0  uart.o(i.UART0_CharGet)
    i.UART0_SendChar                         0x0000113c   Section        0  uart.o(i.UART0_SendChar)
    i.UART0_sendString                       0x00001154   Section        0  uart.o(i.UART0_sendString)
    i._mutex_acquire                         0x0000116a   Section        0  clib_arm.o(i._mutex_acquire)
    __tagsym$$used                           0x0000116b   Number         0  clib_arm.o(i._mutex_acquire)
    i._mutex_free                            0x00001180   Section        0  clib_arm.o(i._mutex_free)
    __tagsym$$used                           0x00001181   Number         0  clib_arm.o(i._mutex_free)
    i._mutex_initialize                      0x000011b4   Section        0  clib_arm.o(i._mutex_initialize)
    __tagsym$$used                           0x000011b5   Number         0  clib_arm.o(i._mutex_initialize)
    i._mutex_release                         0x00001214   Section        0  clib_arm.o(i._mutex_release)
    __tagsym$$used                           0x00001215   Number         0  clib_arm.o(i._mutex_release)
    i._platform_post_stackheap_init          0x0000122c   Section        0  clib_arm.o(i._platform_post_stackheap_init)
    i.init_UART                              0x00001230   Section        0  uart.o(i.init_UART)
    i.main                                   0x000012c0   Section        0  main.o(i.main)
    i.os_kernel_is_active                    0x00001388   Section        0  clib_arm.o(i.os_kernel_is_active)
    os_kernel_is_active                      0x00001389   Thumb Code    32  clib_arm.o(i.os_kernel_is_active)
    i.prvAddCurrentTaskToDelayedList         0x000013ac   Section        0  tasks.o(i.prvAddCurrentTaskToDelayedList)
    prvAddCurrentTaskToDelayedList           0x000013ad   Thumb Code   100  tasks.o(i.prvAddCurrentTaskToDelayedList)
    i.prvAddNewTaskToReadyList               0x00001428   Section        0  tasks.o(i.prvAddNewTaskToReadyList)
    prvAddNewTaskToReadyList                 0x00001429   Thumb Code   154  tasks.o(i.prvAddNewTaskToReadyList)
    i.prvCheckForValidListAndQueue           0x000014e0   Section        0  timers.o(i.prvCheckForValidListAndQueue)
    prvCheckForValidListAndQueue             0x000014e1   Thumb Code    62  timers.o(i.prvCheckForValidListAndQueue)
    i.prvCheckTasksWaitingTermination        0x0000153c   Section        0  tasks.o(i.prvCheckTasksWaitingTermination)
    prvCheckTasksWaitingTermination          0x0000153d   Thumb Code    60  tasks.o(i.prvCheckTasksWaitingTermination)
    i.prvCopyDataFromQueue                   0x00001584   Section        0  queue.o(i.prvCopyDataFromQueue)
    prvCopyDataFromQueue                     0x00001585   Thumb Code    42  queue.o(i.prvCopyDataFromQueue)
    i.prvCopyDataToQueue                     0x000015ae   Section        0  queue.o(i.prvCopyDataToQueue)
    prvCopyDataToQueue                       0x000015af   Thumb Code   126  queue.o(i.prvCopyDataToQueue)
    i.prvDeleteTCB                           0x0000162c   Section        0  tasks.o(i.prvDeleteTCB)
    prvDeleteTCB                             0x0000162d   Thumb Code    40  tasks.o(i.prvDeleteTCB)
    i.prvGetDisinheritPriorityAfterTimeout   0x00001654   Section        0  queue.o(i.prvGetDisinheritPriorityAfterTimeout)
    prvGetDisinheritPriorityAfterTimeout     0x00001655   Thumb Code    20  queue.o(i.prvGetDisinheritPriorityAfterTimeout)
    i.prvGetNextExpireTime                   0x00001668   Section        0  timers.o(i.prvGetNextExpireTime)
    prvGetNextExpireTime                     0x00001669   Thumb Code    36  timers.o(i.prvGetNextExpireTime)
    i.prvHeapInit                            0x00001690   Section        0  heap_4.o(i.prvHeapInit)
    prvHeapInit                              0x00001691   Thumb Code    98  heap_4.o(i.prvHeapInit)
    i.prvIdleTask                            0x0000170c   Section        0  tasks.o(i.prvIdleTask)
    prvIdleTask                              0x0000170d   Thumb Code    32  tasks.o(i.prvIdleTask)
    i.prvInitialiseMutex                     0x00001734   Section        0  queue.o(i.prvInitialiseMutex)
    prvInitialiseMutex                       0x00001735   Thumb Code    30  queue.o(i.prvInitialiseMutex)
    i.prvInitialiseNewQueue                  0x00001752   Section        0  queue.o(i.prvInitialiseNewQueue)
    prvInitialiseNewQueue                    0x00001753   Thumb Code    42  queue.o(i.prvInitialiseNewQueue)
    i.prvInitialiseNewTask                   0x0000177c   Section        0  tasks.o(i.prvInitialiseNewTask)
    prvInitialiseNewTask                     0x0000177d   Thumb Code   154  tasks.o(i.prvInitialiseNewTask)
    i.prvInitialiseTaskLists                 0x00001818   Section        0  tasks.o(i.prvInitialiseTaskLists)
    prvInitialiseTaskLists                   0x00001819   Thumb Code    70  tasks.o(i.prvInitialiseTaskLists)
    i.prvInsertBlockIntoFreeList             0x00001880   Section        0  heap_4.o(i.prvInsertBlockIntoFreeList)
    prvInsertBlockIntoFreeList               0x00001881   Thumb Code    96  heap_4.o(i.prvInsertBlockIntoFreeList)
    i.prvInsertTimerInActiveList             0x000018e8   Section        0  timers.o(i.prvInsertTimerInActiveList)
    prvInsertTimerInActiveList               0x000018e9   Thumb Code    80  timers.o(i.prvInsertTimerInActiveList)
    i.prvIsQueueEmpty                        0x00001940   Section        0  queue.o(i.prvIsQueueEmpty)
    prvIsQueueEmpty                          0x00001941   Thumb Code    26  queue.o(i.prvIsQueueEmpty)
    i.prvIsQueueFull                         0x0000195a   Section        0  queue.o(i.prvIsQueueFull)
    prvIsQueueFull                           0x0000195b   Thumb Code    30  queue.o(i.prvIsQueueFull)
    i.prvProcessExpiredTimer                 0x00001978   Section        0  timers.o(i.prvProcessExpiredTimer)
    prvProcessExpiredTimer                   0x00001979   Thumb Code    86  timers.o(i.prvProcessExpiredTimer)
    i.prvProcessReceivedCommands             0x000019d4   Section        0  timers.o(i.prvProcessReceivedCommands)
    prvProcessReceivedCommands               0x000019d5   Thumb Code   264  timers.o(i.prvProcessReceivedCommands)
    i.prvProcessTimerOrBlockTask             0x00001ae0   Section        0  timers.o(i.prvProcessTimerOrBlockTask)
    prvProcessTimerOrBlockTask               0x00001ae1   Thumb Code   102  timers.o(i.prvProcessTimerOrBlockTask)
    i.prvResetNextTaskUnblockTime            0x00001b54   Section        0  tasks.o(i.prvResetNextTaskUnblockTime)
    prvResetNextTaskUnblockTime              0x00001b55   Thumb Code    42  tasks.o(i.prvResetNextTaskUnblockTime)
    i.prvSampleTimeNow                       0x00001b88   Section        0  timers.o(i.prvSampleTimeNow)
    prvSampleTimeNow                         0x00001b89   Thumb Code    40  timers.o(i.prvSampleTimeNow)
    i.prvSwitchTimerLists                    0x00001bb4   Section        0  timers.o(i.prvSwitchTimerLists)
    prvSwitchTimerLists                      0x00001bb5   Thumb Code   126  timers.o(i.prvSwitchTimerLists)
    i.prvTaskExitError                       0x00001c3c   Section        0  port.o(i.prvTaskExitError)
    prvTaskExitError                         0x00001c3d   Thumb Code    22  port.o(i.prvTaskExitError)
    i.prvTimerTask                           0x00001c52   Section        0  timers.o(i.prvTimerTask)
    prvTimerTask                             0x00001c53   Thumb Code    26  timers.o(i.prvTimerTask)
    i.prvUnlockQueue                         0x00001c6c   Section        0  queue.o(i.prvUnlockQueue)
    prvUnlockQueue                           0x00001c6d   Thumb Code   126  queue.o(i.prvUnlockQueue)
    i.pvPortMalloc                           0x00001cec   Section        0  heap_4.o(i.pvPortMalloc)
    i.pvTaskIncrementMutexHeldCount          0x00001dcc   Section        0  tasks.o(i.pvTaskIncrementMutexHeldCount)
    i.pxPortInitialiseStack                  0x00001dec   Section        0  port.o(i.pxPortInitialiseStack)
    i.uxListRemove                           0x00001e18   Section        0  list.o(i.uxListRemove)
    i.vApplicationGetIdleTaskMemory          0x00001e40   Section        0  cmsis_os2.o(i.vApplicationGetIdleTaskMemory)
    i.vApplicationGetTimerTaskMemory         0x00001e58   Section        0  cmsis_os2.o(i.vApplicationGetTimerTaskMemory)
    i.vApplicationStackOverflowHook          0x00001e70   Section        0  cmsis_os2.o(i.vApplicationStackOverflowHook)
    i.vListInitialise                        0x00001e72   Section        0  list.o(i.vListInitialise)
    i.vListInitialiseItem                    0x00001e8c   Section        0  list.o(i.vListInitialiseItem)
    i.vListInsert                            0x00001e92   Section        0  list.o(i.vListInsert)
    i.vListInsertEnd                         0x00001ec6   Section        0  list.o(i.vListInsertEnd)
    i.vPortEnterCritical                     0x00001ee0   Section        0  port.o(i.vPortEnterCritical)
    i.vPortExitCritical                      0x00001f04   Section        0  port.o(i.vPortExitCritical)
    i.vPortFree                              0x00001f24   Section        0  heap_4.o(i.vPortFree)
    i.vPortSetupTimerInterrupt               0x00001f7c   Section        0  port.o(i.vPortSetupTimerInterrupt)
    i.vQueueDelete                           0x00001fa4   Section        0  queue.o(i.vQueueDelete)
    i.vQueueWaitForMessageRestricted         0x00001fb8   Section        0  queue.o(i.vQueueWaitForMessageRestricted)
    i.vTaskDelay                             0x00002004   Section        0  tasks.o(i.vTaskDelay)
    i.vTaskInternalSetTimeOutState           0x00002038   Section        0  tasks.o(i.vTaskInternalSetTimeOutState)
    i.vTaskMissedYield                       0x00002050   Section        0  tasks.o(i.vTaskMissedYield)
    i.vTaskPlaceOnEventList                  0x0000205c   Section        0  tasks.o(i.vTaskPlaceOnEventList)
    i.vTaskPlaceOnEventListRestricted        0x0000207c   Section        0  tasks.o(i.vTaskPlaceOnEventListRestricted)
    i.vTaskPriorityDisinheritAfterTimeout    0x000020a4   Section        0  tasks.o(i.vTaskPriorityDisinheritAfterTimeout)
    i.vTaskStartScheduler                    0x00002130   Section        0  tasks.o(i.vTaskStartScheduler)
    i.vTaskSuspend                           0x000021c4   Section        0  tasks.o(i.vTaskSuspend)
    i.vTaskSuspendAll                        0x00002264   Section        0  tasks.o(i.vTaskSuspendAll)
    i.vTaskSwitchContext                     0x00002274   Section        0  tasks.o(i.vTaskSwitchContext)
    i.xPortStartScheduler                    0x00002324   Section        0  port.o(i.xPortStartScheduler)
    i.xPortSysTickHandler                    0x0000236c   Section        0  port.o(i.xPortSysTickHandler)
    i.xQueueCreateMutex                      0x000023a0   Section        0  queue.o(i.xQueueCreateMutex)
    i.xQueueCreateMutexStatic                0x000023c2   Section        0  queue.o(i.xQueueCreateMutexStatic)
    i.xQueueGenericCreate                    0x000023ec   Section        0  queue.o(i.xQueueGenericCreate)
    i.xQueueGenericCreateStatic              0x00002426   Section        0  queue.o(i.xQueueGenericCreateStatic)
    i.xQueueGenericReset                     0x00002454   Section        0  queue.o(i.xQueueGenericReset)
    i.xQueueGenericSend                      0x000024d4   Section        0  queue.o(i.xQueueGenericSend)
    i.xQueueGenericSendFromISR               0x000025ec   Section        0  queue.o(i.xQueueGenericSendFromISR)
    i.xQueueReceive                          0x00002678   Section        0  queue.o(i.xQueueReceive)
    i.xQueueSemaphoreTake                    0x0000277c   Section        0  queue.o(i.xQueueSemaphoreTake)
    i.xTaskCheckForTimeOut                   0x000028ac   Section        0  tasks.o(i.xTaskCheckForTimeOut)
    i.xTaskCreate                            0x00002908   Section        0  tasks.o(i.xTaskCreate)
    i.xTaskCreateStatic                      0x0000296c   Section        0  tasks.o(i.xTaskCreateStatic)
    i.xTaskGetSchedulerState                 0x000029bc   Section        0  tasks.o(i.xTaskGetSchedulerState)
    i.xTaskGetTickCount                      0x000029dc   Section        0  tasks.o(i.xTaskGetTickCount)
    i.xTaskIncrementTick                     0x000029e8   Section        0  tasks.o(i.xTaskIncrementTick)
    i.xTaskPriorityDisinherit                0x00002b00   Section        0  tasks.o(i.xTaskPriorityDisinherit)
    i.xTaskPriorityInherit                   0x00002b60   Section        0  tasks.o(i.xTaskPriorityInherit)
    i.xTaskRemoveFromEventList               0x00002c04   Section        0  tasks.o(i.xTaskRemoveFromEventList)
    i.xTaskResumeAll                         0x00002c84   Section        0  tasks.o(i.xTaskResumeAll)
    i.xTimerCreateTimerTask                  0x00002d6c   Section        0  timers.o(i.xTimerCreateTimerTask)
    i.xTimerGenericCommand                   0x00002dcc   Section        0  timers.o(i.xTimerGenericCommand)
    locale$$code                             0x00002e38   Section       44  lc_ctype_c.o(locale$$code)
    x$fpl$fpinit                             0x00002e64   Section       10  fpinit.o(x$fpl$fpinit)
    $v0                                      0x00002e64   Number         0  fpinit.o(x$fpl$fpinit)
    locale$$data                             0x00002e90   Section      272  lc_ctype_c.o(locale$$data)
    __lcctype_c_name                         0x00002e94   Data           2  lc_ctype_c.o(locale$$data)
    __lcctype_c_start                        0x00002e9c   Data           0  lc_ctype_c.o(locale$$data)
    __lcctype_c_end                          0x00002fa0   Data           0  lc_ctype_c.o(locale$$data)
    .data                                    0x20000000   Section        8  main.o(.data)
    .data                                    0x20000008   Section      114  citytimes.o(.data)
    .data                                    0x2000007a   Section        1  clib_arm.o(.data)
    os_kernel_active                         0x2000007a   Data           1  clib_arm.o(.data)
    .data                                    0x2000007c   Section        4  system_tm4c123.o(.data)
    .data                                    0x20000080   Section       32  heap_4.o(.data)
    xStart                                   0x20000080   Data           8  heap_4.o(.data)
    pxEnd                                    0x20000088   Data           4  heap_4.o(.data)
    xFreeBytesRemaining                      0x2000008c   Data           4  heap_4.o(.data)
    xMinimumEverFreeBytesRemaining           0x20000090   Data           4  heap_4.o(.data)
    xNumberOfSuccessfulAllocations           0x20000094   Data           4  heap_4.o(.data)
    xNumberOfSuccessfulFrees                 0x20000098   Data           4  heap_4.o(.data)
    xBlockAllocatedBit                       0x2000009c   Data           4  heap_4.o(.data)
    .data                                    0x200000a0   Section        4  port.o(.data)
    uxCriticalNesting                        0x200000a0   Data           4  port.o(.data)
    .data                                    0x200000a4   Section       60  tasks.o(.data)
    pxDelayedTaskList                        0x200000a8   Data           4  tasks.o(.data)
    pxOverflowDelayedTaskList                0x200000ac   Data           4  tasks.o(.data)
    uxDeletedTasksWaitingCleanUp             0x200000b0   Data           4  tasks.o(.data)
    uxCurrentNumberOfTasks                   0x200000b4   Data           4  tasks.o(.data)
    xTickCount                               0x200000b8   Data           4  tasks.o(.data)
    uxTopReadyPriority                       0x200000bc   Data           4  tasks.o(.data)
    xSchedulerRunning                        0x200000c0   Data           4  tasks.o(.data)
    xPendedTicks                             0x200000c4   Data           4  tasks.o(.data)
    xYieldPending                            0x200000c8   Data           4  tasks.o(.data)
    xNumOfOverflows                          0x200000cc   Data           4  tasks.o(.data)
    uxTaskNumber                             0x200000d0   Data           4  tasks.o(.data)
    xNextTaskUnblockTime                     0x200000d4   Data           4  tasks.o(.data)
    xIdleTaskHandle                          0x200000d8   Data           4  tasks.o(.data)
    uxSchedulerSuspended                     0x200000dc   Data           4  tasks.o(.data)
    .data                                    0x200000e0   Section       20  timers.o(.data)
    pxCurrentTimerList                       0x200000e0   Data           4  timers.o(.data)
    pxOverflowTimerList                      0x200000e4   Data           4  timers.o(.data)
    xTimerQueue                              0x200000e8   Data           4  timers.o(.data)
    xTimerTaskHandle                         0x200000ec   Data           4  timers.o(.data)
    xLastTime                                0x200000f0   Data           4  timers.o(.data)
    .bss                                     0x200000f4   Section      916  clib_arm.o(.bss)
    os_libspace                              0x200000f4   Data         480  clib_arm.o(.bss)
    os_libspace_id                           0x200002d4   Data          16  clib_arm.o(.bss)
    clib_mutex_cb                            0x200002e4   Data         400  clib_arm.o(.bss)
    clib_mutex_id                            0x20000474   Data          20  clib_arm.o(.bss)
    .bss                                     0x20000488   Section     1016  cmsis_os2.o(.bss)
    Idle_TCB                                 0x20000488   Data          92  cmsis_os2.o(.bss)
    Idle_Stack                               0x200004e4   Data         512  cmsis_os2.o(.bss)
    Timer_TCB                                0x200006e4   Data          92  cmsis_os2.o(.bss)
    Timer_Stack                              0x20000740   Data         320  cmsis_os2.o(.bss)
    .bss                                     0x20000880   Section     8192  heap_4.o(.bss)
    ucHeap                                   0x20000880   Data        8192  heap_4.o(.bss)
    .bss                                     0x20002880   Section     1220  tasks.o(.bss)
    pxReadyTasksLists                        0x20002880   Data        1120  tasks.o(.bss)
    xDelayedTaskList1                        0x20002ce0   Data          20  tasks.o(.bss)
    xDelayedTaskList2                        0x20002cf4   Data          20  tasks.o(.bss)
    xPendingReadyList                        0x20002d08   Data          20  tasks.o(.bss)
    xTasksWaitingTermination                 0x20002d1c   Data          20  tasks.o(.bss)
    xSuspendedTaskList                       0x20002d30   Data          20  tasks.o(.bss)
    .bss                                     0x20002d44   Section      200  timers.o(.bss)
    xActiveTimerList1                        0x20002d44   Data          20  timers.o(.bss)
    xActiveTimerList2                        0x20002d58   Data          20  timers.o(.bss)
    xStaticTimerQueue                        0x20002d6c   Data          80  timers.o(.bss)
    ucStaticTimerQueueStorage                0x20002dbc   Data          80  timers.o(.bss)
    .bss                                     0x20002e0c   Section       96  libspace.o(.bss)
    HEAP                                     0x20002e70   Section        0  startup_tm4c123.o(HEAP)
    STACK                                    0x20002e70   Section      512  startup_tm4c123.o(STACK)
    Heap_Mem                                 0x20002e70   Data           0  startup_tm4c123.o(HEAP)
    Stack_Mem                                0x20002e70   Data         512  startup_tm4c123.o(STACK)
    __initial_sp                             0x20003070   Data           0  startup_tm4c123.o(STACK)

    Global Symbols

    Symbol Name                              Value     Ov Type        Size  Object(Section)

    BuildAttributes$$THM_ISAv4$E$P$D$K$B$S$7EM$VFPi3$EXTD16$VFPS$VFMA$PE$A:L22UL41UL21$X:L11$S22US41US21$IEEE1$IW$USESV6$~STKCKD$USESV7$~SHL$OTIME$ROPI$EBA8$UX$STANDARDLIB$REQ8$PRES8$EABIv2 0x00000000   Number         0  anon$$obj.o ABSOLUTE
    __ARM_use_no_argv                        0x00000000   Number         0  main.o ABSOLUTE
    __Vectors                                0x00000000   Data           4  startup_tm4c123.o(RESET)
    __ARM_exceptions_init                     - Undefined Weak Reference
    __alloca_initialize                       - Undefined Weak Reference
    __arm_fini_                               - Undefined Weak Reference
    __arm_preinit_                            - Undefined Weak Reference
    __cpp_initialize__aeabi_                  - Undefined Weak Reference
    __cxa_finalize                            - Undefined Weak Reference
    __sigvec_lookup                           - Undefined Weak Reference
    _atexit_init                              - Undefined Weak Reference
    _call_atexit_fns                          - Undefined Weak Reference
    _clock_init                               - Undefined Weak Reference
    _fp_trap_init                             - Undefined Weak Reference
    _fp_trap_shutdown                         - Undefined Weak Reference
    _get_lc_collate                           - Undefined Weak Reference
    _get_lc_monetary                          - Undefined Weak Reference
    _get_lc_numeric                           - Undefined Weak Reference
    _get_lc_time                              - Undefined Weak Reference
    _getenv_init                              - Undefined Weak Reference
    _handle_redirection                       - Undefined Weak Reference
    _init_alloc                               - Undefined Weak Reference
    _init_user_alloc                          - Undefined Weak Reference
    _initio                                   - Undefined Weak Reference
    _printf_post_padding                      - Undefined Weak Reference
    _printf_pre_padding                       - Undefined Weak Reference
    _printf_truncate_signed                   - Undefined Weak Reference
    _printf_truncate_unsigned                 - Undefined Weak Reference
    _rand_init                                - Undefined Weak Reference
    _signal_finish                            - Undefined Weak Reference
    _signal_init                              - Undefined Weak Reference
    _terminate_alloc                          - Undefined Weak Reference
    _terminate_user_alloc                     - Undefined Weak Reference
    _terminateio                              - Undefined Weak Reference
    __Vectors_End                            0x0000026c   Data           0  startup_tm4c123.o(RESET)
    __Vectors_Size                           0x0000026c   Number         0  startup_tm4c123.o ABSOLUTE
    __main                                   0x0000026d   Thumb Code     8  __main.o(!!!main)
    __scatterload                            0x00000275   Thumb Code     0  __scatter.o(!!!scatter)
    __scatterload_rt2                        0x00000275   Thumb Code    44  __scatter.o(!!!scatter)
    __scatterload_rt2_thumb_only             0x00000275   Thumb Code     0  __scatter.o(!!!scatter)
    __scatterload_null                       0x00000283   Thumb Code     0  __scatter.o(!!!scatter)
    __scatterload_copy                       0x000002a9   Thumb Code    26  __scatter_copy.o(!!handler_copy)
    __scatterload_zeroinit                   0x000002c5   Thumb Code    28  __scatter_zi.o(!!handler_zi)
    _printf_d                                0x000002e1   Thumb Code     0  _printf_d.o(.ARM.Collect$$_printf_percent$$00000009)
    _printf_percent                          0x000002e1   Thumb Code     0  _printf_percent.o(.ARM.Collect$$_printf_percent$$00000000)
    _printf_percent_end                      0x000002e7   Thumb Code     0  _printf_percent_end.o(.ARM.Collect$$_printf_percent$$00000017)
    __rt_lib_init                            0x000002eb   Thumb Code     0  libinit.o(.ARM.Collect$$libinit$$00000000)
    __rt_lib_init_fp_1                       0x000002ed   Thumb Code     0  libinit2.o(.ARM.Collect$$libinit$$00000001)
    __rt_lib_init_heap_1                     0x000002f1   Thumb Code     0  libinit2.o(.ARM.Collect$$libinit$$0000000A)
    __rt_lib_init_lc_common                  0x000002f1   Thumb Code     0  libinit2.o(.ARM.Collect$$libinit$$0000000F)
    __rt_lib_init_preinit_1                  0x000002f1   Thumb Code     0  libinit2.o(.ARM.Collect$$libinit$$00000004)
    __rt_lib_init_rand_1                     0x000002f1   Thumb Code     0  libinit2.o(.ARM.Collect$$libinit$$0000000E)
    __rt_lib_init_user_alloc_1               0x000002f1   Thumb Code     0  libinit2.o(.ARM.Collect$$libinit$$0000000C)
    __rt_lib_init_lc_collate_1               0x000002f7   Thumb Code     0  libinit2.o(.ARM.Collect$$libinit$$00000011)
    __rt_lib_init_lc_ctype_2                 0x000002f7   Thumb Code     0  libinit2.o(.ARM.Collect$$libinit$$00000012)
    __rt_lib_init_alloca_1                   0x00000303   Thumb Code     0  libinit2.o(.ARM.Collect$$libinit$$0000002E)
    __rt_lib_init_argv_1                     0x00000303   Thumb Code     0  libinit2.o(.ARM.Collect$$libinit$$0000002C)
    __rt_lib_init_atexit_1                   0x00000303   Thumb Code     0  libinit2.o(.ARM.Collect$$libinit$$0000001B)
    __rt_lib_init_clock_1                    0x00000303   Thumb Code     0  libinit2.o(.ARM.Collect$$libinit$$00000021)
    __rt_lib_init_cpp_1                      0x00000303   Thumb Code     0  libinit2.o(.ARM.Collect$$libinit$$00000032)
    __rt_lib_init_exceptions_1               0x00000303   Thumb Code     0  libinit2.o(.ARM.Collect$$libinit$$00000030)
    __rt_lib_init_fp_trap_1                  0x00000303   Thumb Code     0  libinit2.o(.ARM.Collect$$libinit$$0000001F)
    __rt_lib_init_getenv_1                   0x00000303   Thumb Code     0  libinit2.o(.ARM.Collect$$libinit$$00000023)
    __rt_lib_init_lc_ctype_1                 0x00000303   Thumb Code     0  libinit2.o(.ARM.Collect$$libinit$$00000013)
    __rt_lib_init_lc_monetary_1              0x00000303   Thumb Code     0  libinit2.o(.ARM.Collect$$libinit$$00000015)
    __rt_lib_init_lc_numeric_1               0x00000303   Thumb Code     0  libinit2.o(.ARM.Collect$$libinit$$00000017)
    __rt_lib_init_lc_time_1                  0x00000303   Thumb Code     0  libinit2.o(.ARM.Collect$$libinit$$00000019)
    __rt_lib_init_return                     0x00000303   Thumb Code     0  libinit2.o(.ARM.Collect$$libinit$$00000033)
    __rt_lib_init_signal_1                   0x00000303   Thumb Code     0  libinit2.o(.ARM.Collect$$libinit$$0000001D)
    __rt_lib_init_stdio_1                    0x00000303   Thumb Code     0  libinit2.o(.ARM.Collect$$libinit$$00000025)
    __rt_lib_shutdown                        0x00000305   Thumb Code     0  libshutdown.o(.ARM.Collect$$libshutdown$$00000000)
    __rt_lib_shutdown_cpp_1                  0x00000307   Thumb Code     0  libshutdown2.o(.ARM.Collect$$libshutdown$$00000004)
    __rt_lib_shutdown_fini_1                 0x00000307   Thumb Code     0  libshutdown2.o(.ARM.Collect$$libshutdown$$00000002)
    __rt_lib_shutdown_fp_trap_1              0x00000307   Thumb Code     0  libshutdown2.o(.ARM.Collect$$libshutdown$$00000009)
    __rt_lib_shutdown_heap_1                 0x00000307   Thumb Code     0  libshutdown2.o(.ARM.Collect$$libshutdown$$00000011)
    __rt_lib_shutdown_return                 0x00000307   Thumb Code     0  libshutdown2.o(.ARM.Collect$$libshutdown$$00000012)
    __rt_lib_shutdown_signal_1               0x00000307   Thumb Code     0  libshutdown2.o(.ARM.Collect$$libshutdown$$0000000C)
    __rt_lib_shutdown_stdio_1                0x00000307   Thumb Code     0  libshutdown2.o(.ARM.Collect$$libshutdown$$00000006)
    __rt_lib_shutdown_user_alloc_1           0x00000307   Thumb Code     0  libshutdown2.o(.ARM.Collect$$libshutdown$$0000000E)
    __rt_entry                               0x00000309   Thumb Code     0  __rtentry.o(.ARM.Collect$$rtentry$$00000000)
    __rt_entry_presh_1                       0x00000309   Thumb Code     0  __rtentry2.o(.ARM.Collect$$rtentry$$00000002)
    __rt_entry_sh                            0x00000309   Thumb Code     0  __rtentry4.o(.ARM.Collect$$rtentry$$00000004)
    __rt_entry_postsh_1                      0x0000030f   Thumb Code     0  __rtentry2.o(.ARM.Collect$$rtentry$$00000008)
    __rt_entry_li                            0x00000317   Thumb Code     0  __rtentry2.o(.ARM.Collect$$rtentry$$0000000A)
    __rt_entry_main                          0x0000031b   Thumb Code     0  __rtentry2.o(.ARM.Collect$$rtentry$$0000000D)
    __rt_entry_postli_1                      0x0000031b   Thumb Code     0  __rtentry2.o(.ARM.Collect$$rtentry$$0000000C)
    __rt_exit                                0x00000323   Thumb Code     0  rtexit.o(.ARM.Collect$$rtexit$$00000000)
    __rt_exit_ls                             0x00000325   Thumb Code     0  rtexit2.o(.ARM.Collect$$rtexit$$00000003)
    __rt_exit_prels_1                        0x00000325   Thumb Code     0  rtexit2.o(.ARM.Collect$$rtexit$$00000002)
    __rt_exit_exit                           0x00000329   Thumb Code     0  rtexit2.o(.ARM.Collect$$rtexit$$00000004)
    SVC_Handler                              0x00000331   Thumb Code    28  port.o(.emb_text)
    __asm___6_port_c_39a90d8d__prvStartFirstTask 0x00000351   Thumb Code    36  port.o(.emb_text)
    __asm___6_port_c_39a90d8d__prvEnableVFP  0x00000379   Thumb Code    16  port.o(.emb_text)
    PendSV_Handler                           0x0000038d   Thumb Code    88  port.o(.emb_text)
    vPortGetIPSR                             0x000003e9   Thumb Code     6  port.o(.emb_text)
    SysCtlDelay                              0x000003f1   Thumb Code     6  sysctl.o(.emb_text)
    Reset_Handler                            0x000003f9   Thumb Code     8  startup_tm4c123.o(.text)
    NMI_Handler                              0x00000401   Thumb Code     2  startup_tm4c123.o(.text)
    HardFault_Handler                        0x00000403   Thumb Code     2  startup_tm4c123.o(.text)
    MemManage_Handler                        0x00000405   Thumb Code     2  startup_tm4c123.o(.text)
    BusFault_Handler                         0x00000407   Thumb Code     2  startup_tm4c123.o(.text)
    UsageFault_Handler                       0x00000409   Thumb Code     2  startup_tm4c123.o(.text)
    DebugMon_Handler                         0x0000040d   Thumb Code     2  startup_tm4c123.o(.text)
    GPIOA_Handler                            0x00000413   Thumb Code     2  startup_tm4c123.o(.text)
    GPIOB_Handler                            0x00000415   Thumb Code     2  startup_tm4c123.o(.text)
    GPIOC_Handler                            0x00000417   Thumb Code     2  startup_tm4c123.o(.text)
    GPIOD_Handler                            0x00000419   Thumb Code     2  startup_tm4c123.o(.text)
    GPIOE_Handler                            0x0000041b   Thumb Code     2  startup_tm4c123.o(.text)
    UART0_Handler                            0x0000041d   Thumb Code     2  startup_tm4c123.o(.text)
    UART1_Handler                            0x0000041f   Thumb Code     2  startup_tm4c123.o(.text)
    SSI0_Handler                             0x00000421   Thumb Code     2  startup_tm4c123.o(.text)
    I2C0_Handler                             0x00000423   Thumb Code     2  startup_tm4c123.o(.text)
    PMW0_FAULT_Handler                       0x00000425   Thumb Code     2  startup_tm4c123.o(.text)
    PWM0_0_Handler                           0x00000427   Thumb Code     2  startup_tm4c123.o(.text)
    PWM0_1_Handler                           0x00000429   Thumb Code     2  startup_tm4c123.o(.text)
    PWM0_2_Handler                           0x0000042b   Thumb Code     2  startup_tm4c123.o(.text)
    QEI0_Handler                             0x0000042d   Thumb Code     2  startup_tm4c123.o(.text)
    ADC0SS0_Handler                          0x0000042f   Thumb Code     2  startup_tm4c123.o(.text)
    ADC0SS1_Handler                          0x00000431   Thumb Code     2  startup_tm4c123.o(.text)
    ADC0SS2_Handler                          0x00000433   Thumb Code     2  startup_tm4c123.o(.text)
    ADC0SS3_Handler                          0x00000435   Thumb Code     2  startup_tm4c123.o(.text)
    WDT0_Handler                             0x00000437   Thumb Code     2  startup_tm4c123.o(.text)
    TIMER0A_Handler                          0x00000439   Thumb Code     2  startup_tm4c123.o(.text)
    TIMER0B_Handler                          0x0000043b   Thumb Code     2  startup_tm4c123.o(.text)
    TIMER1A_Handler                          0x0000043d   Thumb Code     2  startup_tm4c123.o(.text)
    TIMER1B_Handler                          0x0000043f   Thumb Code     2  startup_tm4c123.o(.text)
    TIMER2A_Handler                          0x00000441   Thumb Code     2  startup_tm4c123.o(.text)
    TIMER2B_Handler                          0x00000443   Thumb Code     2  startup_tm4c123.o(.text)
    COMP0_Handler                            0x00000445   Thumb Code     2  startup_tm4c123.o(.text)
    COMP1_Handler                            0x00000447   Thumb Code     2  startup_tm4c123.o(.text)
    COMP2_Handler                            0x00000449   Thumb Code     2  startup_tm4c123.o(.text)
    SYSCTL_Handler                           0x0000044b   Thumb Code     2  startup_tm4c123.o(.text)
    FLASH_Handler                            0x0000044d   Thumb Code     2  startup_tm4c123.o(.text)
    GPIOF_Handler                            0x0000044f   Thumb Code     2  startup_tm4c123.o(.text)
    GPIOG_Handler                            0x00000451   Thumb Code     2  startup_tm4c123.o(.text)
    GPIOH_Handler                            0x00000453   Thumb Code     2  startup_tm4c123.o(.text)
    UART2_Handler                            0x00000455   Thumb Code     2  startup_tm4c123.o(.text)
    SSI1_Handler                             0x00000457   Thumb Code     2  startup_tm4c123.o(.text)
    TIMER3A_Handler                          0x00000459   Thumb Code     2  startup_tm4c123.o(.text)
    TIMER3B_Handler                          0x0000045b   Thumb Code     2  startup_tm4c123.o(.text)
    I2C1_Handler                             0x0000045d   Thumb Code     2  startup_tm4c123.o(.text)
    QEI1_Handler                             0x0000045f   Thumb Code     2  startup_tm4c123.o(.text)
    CAN0_Handler                             0x00000461   Thumb Code     2  startup_tm4c123.o(.text)
    CAN1_Handler                             0x00000463   Thumb Code     2  startup_tm4c123.o(.text)
    CAN2_Handler                             0x00000465   Thumb Code     2  startup_tm4c123.o(.text)
    HIB_Handler                              0x00000467   Thumb Code     2  startup_tm4c123.o(.text)
    USB0_Handler                             0x00000469   Thumb Code     2  startup_tm4c123.o(.text)
    PWM0_3_Handler                           0x0000046b   Thumb Code     2  startup_tm4c123.o(.text)
    UDMA_Handler                             0x0000046d   Thumb Code     2  startup_tm4c123.o(.text)
    UDMAERR_Handler                          0x0000046f   Thumb Code     2  startup_tm4c123.o(.text)
    ADC1SS0_Handler                          0x00000471   Thumb Code     2  startup_tm4c123.o(.text)
    ADC1SS1_Handler                          0x00000473   Thumb Code     2  startup_tm4c123.o(.text)
    ADC1SS2_Handler                          0x00000475   Thumb Code     2  startup_tm4c123.o(.text)
    ADC1SS3_Handler                          0x00000477   Thumb Code     2  startup_tm4c123.o(.text)
    GPIOJ_Handler                            0x00000479   Thumb Code     2  startup_tm4c123.o(.text)
    GPIOK_Handler                            0x0000047b   Thumb Code     2  startup_tm4c123.o(.text)
    GPIOL_Handler                            0x0000047d   Thumb Code     2  startup_tm4c123.o(.text)
    SSI2_Handler                             0x0000047f   Thumb Code     2  startup_tm4c123.o(.text)
    SSI3_Handler                             0x00000481   Thumb Code     2  startup_tm4c123.o(.text)
    UART3_Handler                            0x00000483   Thumb Code     2  startup_tm4c123.o(.text)
    UART4_Handler                            0x00000485   Thumb Code     2  startup_tm4c123.o(.text)
    UART5_Handler                            0x00000487   Thumb Code     2  startup_tm4c123.o(.text)
    UART6_Handler                            0x00000489   Thumb Code     2  startup_tm4c123.o(.text)
    UART7_Handler                            0x0000048b   Thumb Code     2  startup_tm4c123.o(.text)
    I2C2_Handler                             0x0000048d   Thumb Code     2  startup_tm4c123.o(.text)
    I2C3_Handler                             0x0000048f   Thumb Code     2  startup_tm4c123.o(.text)
    TIMER4A_Handler                          0x00000491   Thumb Code     2  startup_tm4c123.o(.text)
    TIMER4B_Handler                          0x00000493   Thumb Code     2  startup_tm4c123.o(.text)
    TIMER5A_Handler                          0x00000495   Thumb Code     2  startup_tm4c123.o(.text)
    TIMER5B_Handler                          0x00000497   Thumb Code     2  startup_tm4c123.o(.text)
    WTIMER0A_Handler                         0x00000499   Thumb Code     2  startup_tm4c123.o(.text)
    WTIMER0B_Handler                         0x0000049b   Thumb Code     2  startup_tm4c123.o(.text)
    WTIMER1A_Handler                         0x0000049d   Thumb Code     2  startup_tm4c123.o(.text)
    WTIMER1B_Handler                         0x0000049f   Thumb Code     2  startup_tm4c123.o(.text)
    WTIMER2A_Handler                         0x000004a1   Thumb Code     2  startup_tm4c123.o(.text)
    WTIMER2B_Handler                         0x000004a3   Thumb Code     2  startup_tm4c123.o(.text)
    WTIMER3A_Handler                         0x000004a5   Thumb Code     2  startup_tm4c123.o(.text)
    WTIMER3B_Handler                         0x000004a7   Thumb Code     2  startup_tm4c123.o(.text)
    WTIMER4A_Handler                         0x000004a9   Thumb Code     2  startup_tm4c123.o(.text)
    WTIMER4B_Handler                         0x000004ab   Thumb Code     2  startup_tm4c123.o(.text)
    WTIMER5A_Handler                         0x000004ad   Thumb Code     2  startup_tm4c123.o(.text)
    WTIMER5B_Handler                         0x000004af   Thumb Code     2  startup_tm4c123.o(.text)
    FPU_Handler                              0x000004b1   Thumb Code     2  startup_tm4c123.o(.text)
    I2C4_Handler                             0x000004b3   Thumb Code     2  startup_tm4c123.o(.text)
    I2C5_Handler                             0x000004b5   Thumb Code     2  startup_tm4c123.o(.text)
    GPIOM_Handler                            0x000004b7   Thumb Code     2  startup_tm4c123.o(.text)
    GPION_Handler                            0x000004b9   Thumb Code     2  startup_tm4c123.o(.text)
    QEI2_Handler                             0x000004bb   Thumb Code     2  startup_tm4c123.o(.text)
    GPIOP0_Handler                           0x000004bd   Thumb Code     2  startup_tm4c123.o(.text)
    GPIOP1_Handler                           0x000004bf   Thumb Code     2  startup_tm4c123.o(.text)
    GPIOP2_Handler                           0x000004c1   Thumb Code     2  startup_tm4c123.o(.text)
    GPIOP3_Handler                           0x000004c3   Thumb Code     2  startup_tm4c123.o(.text)
    GPIOP4_Handler                           0x000004c5   Thumb Code     2  startup_tm4c123.o(.text)
    GPIOP5_Handler                           0x000004c7   Thumb Code     2  startup_tm4c123.o(.text)
    GPIOP6_Handler                           0x000004c9   Thumb Code     2  startup_tm4c123.o(.text)
    GPIOP7_Handler                           0x000004cb   Thumb Code     2  startup_tm4c123.o(.text)
    GPIOQ0_Handler                           0x000004cd   Thumb Code     2  startup_tm4c123.o(.text)
    GPIOQ1_Handler                           0x000004cf   Thumb Code     2  startup_tm4c123.o(.text)
    GPIOQ2_Handler                           0x000004d1   Thumb Code     2  startup_tm4c123.o(.text)
    GPIOQ3_Handler                           0x000004d3   Thumb Code     2  startup_tm4c123.o(.text)
    GPIOQ4_Handler                           0x000004d5   Thumb Code     2  startup_tm4c123.o(.text)
    GPIOQ5_Handler                           0x000004d7   Thumb Code     2  startup_tm4c123.o(.text)
    GPIOQ6_Handler                           0x000004d9   Thumb Code     2  startup_tm4c123.o(.text)
    GPIOQ7_Handler                           0x000004db   Thumb Code     2  startup_tm4c123.o(.text)
    GPIOR_Handler                            0x000004dd   Thumb Code     2  startup_tm4c123.o(.text)
    GPIOS_Handler                            0x000004df   Thumb Code     2  startup_tm4c123.o(.text)
    PMW1_0_Handler                           0x000004e1   Thumb Code     2  startup_tm4c123.o(.text)
    PWM1_1_Handler                           0x000004e3   Thumb Code     2  startup_tm4c123.o(.text)
    PWM1_2_Handler                           0x000004e5   Thumb Code     2  startup_tm4c123.o(.text)
    PWM1_3_Handler                           0x000004e7   Thumb Code     2  startup_tm4c123.o(.text)
    PWM1_FAULT_Handler                       0x000004e9   Thumb Code     2  startup_tm4c123.o(.text)
    __user_initial_stackheap                 0x000004ed   Thumb Code     0  startup_tm4c123.o(.text)
    __rt_ctype_table                         0x0000050d   Thumb Code    16  rt_ctype_table.o(.text)
    __2sprintf                               0x0000051d   Thumb Code    34  noretval__2sprintf.o(.text)
    __printf                                 0x00000545   Thumb Code   104  __printf.o(.text)
    _printf_int_dec                          0x000005ad   Thumb Code   104  _printf_dec.o(.text)
    strlen                                   0x00000625   Thumb Code    62  strlen.o(.text)
    __aeabi_memcpy                           0x00000663   Thumb Code     0  rt_memcpy_v6.o(.text)
    __rt_memcpy                              0x00000663   Thumb Code   138  rt_memcpy_v6.o(.text)
    _memcpy_lastbytes                        0x000006c9   Thumb Code     0  rt_memcpy_v6.o(.text)
    __aeabi_memset                           0x000006ed   Thumb Code    16  aeabi_memset.o(.text)
    __use_two_region_memory                  0x000006fd   Thumb Code     2  heapauxi.o(.text)
    __rt_heap_escrow$2region                 0x000006ff   Thumb Code     2  heapauxi.o(.text)
    __rt_heap_expand$2region                 0x00000701   Thumb Code     2  heapauxi.o(.text)
    __rt_locale                              0x00000703   Thumb Code    10  rt_locale_twolibspace.o(.text)
    _printf_int_common                       0x0000070d   Thumb Code   178  _printf_intcommon.o(.text)
    _printf_char_common                      0x000007cb   Thumb Code    32  _printf_char_common.o(.text)
    _sputc                                   0x000007f1   Thumb Code    10  _sputc.o(.text)
    __aeabi_memcpy4                          0x000007fb   Thumb Code     0  rt_memcpy_w.o(.text)
    __aeabi_memcpy8                          0x000007fb   Thumb Code     0  rt_memcpy_w.o(.text)
    __rt_memcpy_w                            0x000007fb   Thumb Code   100  rt_memcpy_w.o(.text)
    _memcpy_lastbytes_aligned                0x00000843   Thumb Code     0  rt_memcpy_w.o(.text)
    __aeabi_memclr                           0x0000085f   Thumb Code     0  rt_memclr.o(.text)
    __rt_memclr                              0x0000085f   Thumb Code    68  rt_memclr.o(.text)
    _memset                                  0x00000863   Thumb Code     0  rt_memclr.o(.text)
    __user_libspace                          0x000008a5   Thumb Code     8  libspace.o(.text)
    __user_perproc_libspace                  0x000008a5   Thumb Code     0  libspace.o(.text)
    __aeabi_memclr4                          0x000008ad   Thumb Code     0  rt_memclr_w.o(.text)
    __aeabi_memclr8                          0x000008ad   Thumb Code     0  rt_memclr_w.o(.text)
    __rt_memclr_w                            0x000008ad   Thumb Code    78  rt_memclr_w.o(.text)
    _memset_w                                0x000008b1   Thumb Code     0  rt_memclr_w.o(.text)
    strcmp                                   0x000008fd   Thumb Code   128  strcmpv7m.o(.text)
    __user_setup_stackheap                   0x0000097d   Thumb Code    74  sys_stackheap_outer.o(.text)
    exit                                     0x000009c7   Thumb Code    18  exit.o(.text)
    _sys_exit                                0x000009d9   Thumb Code     8  sys_exit.o(.text)
    __I$use$semihosting                      0x000009e5   Thumb Code     0  use_no_semi.o(.text)
    __use_no_semihosting_swi                 0x000009e5   Thumb Code     2  use_no_semi.o(.text)
    InitTask                                 0x000009e7   Thumb Code    16  citytimes.o(i.InitTask)
    __semihosting_library_function           0x000009e7   Thumb Code     0  indicate_semi.o(.text)
    LCD_Command                              0x000009f9   Thumb Code   164  lcd.o(i.LCD_Command)
    LCD_PrintLn                              0x00000aa5   Thumb Code    46  lcd.o(i.LCD_PrintLn)
    LCD_init                                 0x00000ad5   Thumb Code   354  lcd.o(i.LCD_init)
    LCD_printChar                            0x00000c49   Thumb Code   162  lcd.o(i.LCD_printChar)
    LCD_setCursor                            0x00000cf5   Thumb Code    58  lcd.o(i.LCD_setCursor)
    Ltrim                                    0x00000d2f   Thumb Code    78  citytimes.o(i.Ltrim)
    Read_From_Keyboard                       0x00000d7d   Thumb Code    44  citytimes.o(i.Read_From_Keyboard)
    Read_Time                                0x00000da9   Thumb Code    42  citytimes.o(i.Read_Time)
    SysTick_Handler                          0x00000dd3   Thumb Code    22  cmsis_os2.o(i.SysTick_Handler)
    SystemInit                               0x00000de9   Thumb Code    14  system_tm4c123.o(i.SystemInit)
    Task1                                    0x00000dfd   Thumb Code   138  citytimes.o(i.Task1)
    Task2                                    0x00000e91   Thumb Code   300  citytimes.o(i.Task2)
    Task3                                    0x00000fd1   Thumb Code   180  citytimes.o(i.Task3)
    UART0_CharGet                            0x00001121   Thumb Code    22  uart.o(i.UART0_CharGet)
    UART0_SendChar                           0x0000113d   Thumb Code    20  uart.o(i.UART0_SendChar)
    UART0_sendString                         0x00001155   Thumb Code    22  uart.o(i.UART0_sendString)
    _mutex_acquire                           0x0000116b   Thumb Code    22  clib_arm.o(i._mutex_acquire)
    _mutex_free                              0x00001181   Thumb Code    46  clib_arm.o(i._mutex_free)
    _mutex_initialize                        0x000011b5   Thumb Code    86  clib_arm.o(i._mutex_initialize)
    _mutex_release                           0x00001215   Thumb Code    24  clib_arm.o(i._mutex_release)
    _platform_post_stackheap_init            0x0000122d   Thumb Code     2  clib_arm.o(i._platform_post_stackheap_init)
    init_UART                                0x00001231   Thumb Code   126  uart.o(i.init_UART)
    main                                     0x000012c1   Thumb Code   118  main.o(i.main)
    pvPortMalloc                             0x00001ced   Thumb Code   198  heap_4.o(i.pvPortMalloc)
    pvTaskIncrementMutexHeldCount            0x00001dcd   Thumb Code    26  tasks.o(i.pvTaskIncrementMutexHeldCount)
    pxPortInitialiseStack                    0x00001ded   Thumb Code    38  port.o(i.pxPortInitialiseStack)
    uxListRemove                             0x00001e19   Thumb Code    40  list.o(i.uxListRemove)
    vApplicationGetIdleTaskMemory            0x00001e41   Thumb Code    14  cmsis_os2.o(i.vApplicationGetIdleTaskMemory)
    vApplicationGetTimerTaskMemory           0x00001e59   Thumb Code    14  cmsis_os2.o(i.vApplicationGetTimerTaskMemory)
    vApplicationStackOverflowHook            0x00001e71   Thumb Code     2  cmsis_os2.o(i.vApplicationStackOverflowHook)
    vListInitialise                          0x00001e73   Thumb Code    26  list.o(i.vListInitialise)
    vListInitialiseItem                      0x00001e8d   Thumb Code     6  list.o(i.vListInitialiseItem)
    vListInsert                              0x00001e93   Thumb Code    52  list.o(i.vListInsert)
    vListInsertEnd                           0x00001ec7   Thumb Code    24  list.o(i.vListInsertEnd)
    vPortEnterCritical                       0x00001ee1   Thumb Code    30  port.o(i.vPortEnterCritical)
    vPortExitCritical                        0x00001f05   Thumb Code    28  port.o(i.vPortExitCritical)
    vPortFree                                0x00001f25   Thumb Code    74  heap_4.o(i.vPortFree)
    vPortSetupTimerInterrupt                 0x00001f7d   Thumb Code    36  port.o(i.vPortSetupTimerInterrupt)
    vQueueDelete                             0x00001fa5   Thumb Code    20  queue.o(i.vQueueDelete)
    vQueueWaitForMessageRestricted           0x00001fb9   Thumb Code    74  queue.o(i.vQueueWaitForMessageRestricted)
    vTaskDelay                               0x00002005   Thumb Code    46  tasks.o(i.vTaskDelay)
    vTaskInternalSetTimeOutState             0x00002039   Thumb Code    14  tasks.o(i.vTaskInternalSetTimeOutState)
    vTaskMissedYield                         0x00002051   Thumb Code     8  tasks.o(i.vTaskMissedYield)
    vTaskPlaceOnEventList                    0x0000205d   Thumb Code    28  tasks.o(i.vTaskPlaceOnEventList)
    vTaskPlaceOnEventListRestricted          0x0000207d   Thumb Code    36  tasks.o(i.vTaskPlaceOnEventListRestricted)
    vTaskPriorityDisinheritAfterTimeout      0x000020a5   Thumb Code   130  tasks.o(i.vTaskPriorityDisinheritAfterTimeout)
    vTaskStartScheduler                      0x00002131   Thumb Code   120  tasks.o(i.vTaskStartScheduler)
    vTaskSuspend                             0x000021c5   Thumb Code   140  tasks.o(i.vTaskSuspend)
    vTaskSuspendAll                          0x00002265   Thumb Code    12  tasks.o(i.vTaskSuspendAll)
    vTaskSwitchContext                       0x00002275   Thumb Code   154  tasks.o(i.vTaskSwitchContext)
    xPortStartScheduler                      0x00002325   Thumb Code    58  port.o(i.xPortStartScheduler)
    xPortSysTickHandler                      0x0000236d   Thumb Code    46  port.o(i.xPortSysTickHandler)
    xQueueCreateMutex                        0x000023a1   Thumb Code    34  queue.o(i.xQueueCreateMutex)
    xQueueCreateMutexStatic                  0x000023c3   Thumb Code    42  queue.o(i.xQueueCreateMutexStatic)
    xQueueGenericCreate                      0x000023ed   Thumb Code    58  queue.o(i.xQueueGenericCreate)
    xQueueGenericCreateStatic                0x00002427   Thumb Code    46  queue.o(i.xQueueGenericCreateStatic)
    xQueueGenericReset                       0x00002455   Thumb Code   122  queue.o(i.xQueueGenericReset)
    xQueueGenericSend                        0x000024d5   Thumb Code   276  queue.o(i.xQueueGenericSend)
    xQueueGenericSendFromISR                 0x000025ed   Thumb Code   138  queue.o(i.xQueueGenericSendFromISR)
    xQueueReceive                            0x00002679   Thumb Code   256  queue.o(i.xQueueReceive)
    xQueueSemaphoreTake                      0x0000277d   Thumb Code   300  queue.o(i.xQueueSemaphoreTake)
    xTaskCheckForTimeOut                     0x000028ad   Thumb Code    84  tasks.o(i.xTaskCheckForTimeOut)
    xTaskCreate                              0x00002909   Thumb Code   100  tasks.o(i.xTaskCreate)
    xTaskCreateStatic                        0x0000296d   Thumb Code    78  tasks.o(i.xTaskCreateStatic)
    xTaskGetSchedulerState                   0x000029bd   Thumb Code    24  tasks.o(i.xTaskGetSchedulerState)
    xTaskGetTickCount                        0x000029dd   Thumb Code     6  tasks.o(i.xTaskGetTickCount)
    xTaskIncrementTick                       0x000029e9   Thumb Code   236  tasks.o(i.xTaskIncrementTick)
    xTaskPriorityDisinherit                  0x00002b01   Thumb Code    86  tasks.o(i.xTaskPriorityDisinherit)
    xTaskPriorityInherit                     0x00002b61   Thumb Code   150  tasks.o(i.xTaskPriorityInherit)
    xTaskRemoveFromEventList                 0x00002c05   Thumb Code   102  tasks.o(i.xTaskRemoveFromEventList)
    xTaskResumeAll                           0x00002c85   Thumb Code   194  tasks.o(i.xTaskResumeAll)
    xTimerCreateTimerTask                    0x00002d6d   Thumb Code    76  timers.o(i.xTimerCreateTimerTask)
    xTimerGenericCommand                     0x00002dcd   Thumb Code   104  timers.o(i.xTimerGenericCommand)
    _get_lc_ctype                            0x00002e39   Thumb Code    44  lc_ctype_c.o(locale$$code)
    _fp_init                                 0x00002e65   Thumb Code    10  fpinit.o(x$fpl$fpinit)
    __fplib_config_fpu_vfp                   0x00002e6d   Thumb Code     0  fpinit.o(x$fpl$fpinit)
    __fplib_config_pureend_doubles           0x00002e6d   Thumb Code     0  fpinit.o(x$fpl$fpinit)
    Region$$Table$$Base                      0x00002e70   Number         0  anon$$obj.o(Region$$Table)
    Region$$Table$$Limit                     0x00002e90   Number         0  anon$$obj.o(Region$$Table)
    __ctype                                  0x00002e9d   Data           0  lc_ctype_c.o(locale$$data)
    xQueue1                                  0x20000000   Data           4  main.o(.data)
    xQueue2                                  0x20000004   Data           4  main.o(.data)
    selection                                0x20000008   Data           4  citytimes.o(.data)
    cities                                   0x2000000c   Data         100  citytimes.o(.data)
    timediff                                 0x20000070   Data          10  citytimes.o(.data)
    SystemCoreClock                          0x2000007c   Data           4  system_tm4c123.o(.data)
    pxCurrentTCB                             0x200000a4   Data           4  tasks.o(.data)
    __libspace_start                         0x20002e0c   Data          96  libspace.o(.bss)
    __temporary_stack_top$libspace           0x20002e6c   Data           0  libspace.o(.bss)



==============================================================================

Memory Map of the image

  Image Entry point : 0x000003f9

  Load Region LR_1 (Base: 0x00000000, Size: 0x00003094, Max: 0xffffffff, ABSOLUTE)

    Execution Region ER_RO (Exec base: 0x00000000, Load base: 0x00000000, Size: 0x00002fa0, Max: 0xffffffff, ABSOLUTE)

    Exec Addr    Load Addr    Size         Type   Attr      Idx    E Section Name        Object

    0x00000000   0x00000000   0x0000026c   Data   RO         1068    RESET               startup_tm4c123.o
    0x0000026c   0x0000026c   0x00000008   Code   RO         2795  * !!!main             c_w.l(__main.o)
    0x00000274   0x00000274   0x00000034   Code   RO         2979    !!!scatter          c_w.l(__scatter.o)
    0x000002a8   0x000002a8   0x0000001a   Code   RO         2981    !!handler_copy      c_w.l(__scatter_copy.o)
    0x000002c2   0x000002c2   0x00000002   PAD
    0x000002c4   0x000002c4   0x0000001c   Code   RO         2983    !!handler_zi        c_w.l(__scatter_zi.o)
    0x000002e0   0x000002e0   0x00000000   Code   RO         2786    .ARM.Collect$$_printf_percent$$00000000  c_w.l(_printf_percent.o)
    0x000002e0   0x000002e0   0x00000006   Code   RO         2785    .ARM.Collect$$_printf_percent$$00000009  c_w.l(_printf_d.o)
    0x000002e6   0x000002e6   0x00000004   Code   RO         2811    .ARM.Collect$$_printf_percent$$00000017  c_w.l(_printf_percent_end.o)
    0x000002ea   0x000002ea   0x00000002   Code   RO         2897    .ARM.Collect$$libinit$$00000000  c_w.l(libinit.o)
    0x000002ec   0x000002ec   0x00000004   Code   RO         2843    .ARM.Collect$$libinit$$00000001  c_w.l(libinit2.o)
    0x000002f0   0x000002f0   0x00000000   Code   RO         2846    .ARM.Collect$$libinit$$00000004  c_w.l(libinit2.o)
    0x000002f0   0x000002f0   0x00000000   Code   RO         2849    .ARM.Collect$$libinit$$0000000A  c_w.l(libinit2.o)
    0x000002f0   0x000002f0   0x00000000   Code   RO         2851    .ARM.Collect$$libinit$$0000000C  c_w.l(libinit2.o)
    0x000002f0   0x000002f0   0x00000000   Code   RO         2853    .ARM.Collect$$libinit$$0000000E  c_w.l(libinit2.o)
    0x000002f0   0x000002f0   0x00000006   Code   RO         2854    .ARM.Collect$$libinit$$0000000F  c_w.l(libinit2.o)
    0x000002f6   0x000002f6   0x00000000   Code   RO         2856    .ARM.Collect$$libinit$$00000011  c_w.l(libinit2.o)
    0x000002f6   0x000002f6   0x0000000c   Code   RO         2857    .ARM.Collect$$libinit$$00000012  c_w.l(libinit2.o)
    0x00000302   0x00000302   0x00000000   Code   RO         2858    .ARM.Collect$$libinit$$00000013  c_w.l(libinit2.o)
    0x00000302   0x00000302   0x00000000   Code   RO         2860    .ARM.Collect$$libinit$$00000015  c_w.l(libinit2.o)
    0x00000302   0x00000302   0x00000000   Code   RO         2862    .ARM.Collect$$libinit$$00000017  c_w.l(libinit2.o)
    0x00000302   0x00000302   0x00000000   Code   RO         2864    .ARM.Collect$$libinit$$00000019  c_w.l(libinit2.o)
    0x00000302   0x00000302   0x00000000   Code   RO         2866    .ARM.Collect$$libinit$$0000001B  c_w.l(libinit2.o)
    0x00000302   0x00000302   0x00000000   Code   RO         2868    .ARM.Collect$$libinit$$0000001D  c_w.l(libinit2.o)
    0x00000302   0x00000302   0x00000000   Code   RO         2870    .ARM.Collect$$libinit$$0000001F  c_w.l(libinit2.o)
    0x00000302   0x00000302   0x00000000   Code   RO         2872    .ARM.Collect$$libinit$$00000021  c_w.l(libinit2.o)
    0x00000302   0x00000302   0x00000000   Code   RO         2874    .ARM.Collect$$libinit$$00000023  c_w.l(libinit2.o)
    0x00000302   0x00000302   0x00000000   Code   RO         2876    .ARM.Collect$$libinit$$00000025  c_w.l(libinit2.o)
    0x00000302   0x00000302   0x00000000   Code   RO         2880    .ARM.Collect$$libinit$$0000002C  c_w.l(libinit2.o)
    0x00000302   0x00000302   0x00000000   Code   RO         2882    .ARM.Collect$$libinit$$0000002E  c_w.l(libinit2.o)
    0x00000302   0x00000302   0x00000000   Code   RO         2884    .ARM.Collect$$libinit$$00000030  c_w.l(libinit2.o)
    0x00000302   0x00000302   0x00000000   Code   RO         2886    .ARM.Collect$$libinit$$00000032  c_w.l(libinit2.o)
    0x00000302   0x00000302   0x00000002   Code   RO         2887    .ARM.Collect$$libinit$$00000033  c_w.l(libinit2.o)
    0x00000304   0x00000304   0x00000002   Code   RO         2934    .ARM.Collect$$libshutdown$$00000000  c_w.l(libshutdown.o)
    0x00000306   0x00000306   0x00000000   Code   RO         2940    .ARM.Collect$$libshutdown$$00000002  c_w.l(libshutdown2.o)
    0x00000306   0x00000306   0x00000000   Code   RO         2942    .ARM.Collect$$libshutdown$$00000004  c_w.l(libshutdown2.o)
    0x00000306   0x00000306   0x00000000   Code   RO         2944    .ARM.Collect$$libshutdown$$00000006  c_w.l(libshutdown2.o)
    0x00000306   0x00000306   0x00000000   Code   RO         2947    .ARM.Collect$$libshutdown$$00000009  c_w.l(libshutdown2.o)
    0x00000306   0x00000306   0x00000000   Code   RO         2950    .ARM.Collect$$libshutdown$$0000000C  c_w.l(libshutdown2.o)
    0x00000306   0x00000306   0x00000000   Code   RO         2952    .ARM.Collect$$libshutdown$$0000000E  c_w.l(libshutdown2.o)
    0x00000306   0x00000306   0x00000000   Code   RO         2955    .ARM.Collect$$libshutdown$$00000011  c_w.l(libshutdown2.o)
    0x00000306   0x00000306   0x00000002   Code   RO         2956    .ARM.Collect$$libshutdown$$00000012  c_w.l(libshutdown2.o)
    0x00000308   0x00000308   0x00000000   Code   RO         2797    .ARM.Collect$$rtentry$$00000000  c_w.l(__rtentry.o)
    0x00000308   0x00000308   0x00000000   Code   RO         2823    .ARM.Collect$$rtentry$$00000002  c_w.l(__rtentry2.o)
    0x00000308   0x00000308   0x00000006   Code   RO         2835    .ARM.Collect$$rtentry$$00000004  c_w.l(__rtentry4.o)
    0x0000030e   0x0000030e   0x00000008   Code   RO         2824    .ARM.Collect$$rtentry$$00000008  c_w.l(__rtentry2.o)
    0x00000316   0x00000316   0x00000004   Code   RO         2826    .ARM.Collect$$rtentry$$0000000A  c_w.l(__rtentry2.o)
    0x0000031a   0x0000031a   0x00000000   Code   RO         2828    .ARM.Collect$$rtentry$$0000000C  c_w.l(__rtentry2.o)
    0x0000031a   0x0000031a   0x00000008   Code   RO         2829    .ARM.Collect$$rtentry$$0000000D  c_w.l(__rtentry2.o)
    0x00000322   0x00000322   0x00000002   Code   RO         2900    .ARM.Collect$$rtexit$$00000000  c_w.l(rtexit.o)
    0x00000324   0x00000324   0x00000000   Code   RO         2909    .ARM.Collect$$rtexit$$00000002  c_w.l(rtexit2.o)
    0x00000324   0x00000324   0x00000004   Code   RO         2910    .ARM.Collect$$rtexit$$00000003  c_w.l(rtexit2.o)
    0x00000328   0x00000328   0x00000006   Code   RO         2911    .ARM.Collect$$rtexit$$00000004  c_w.l(rtexit2.o)
    0x0000032e   0x0000032e   0x00000002   PAD
    0x00000330   0x00000330   0x000000be   Code   RO         1369    .emb_text           port.o
    0x000003ee   0x000003ee   0x00000002   PAD
    0x000003f0   0x000003f0   0x00000006   Code   RO         2258    .emb_text           driverlib.lib(sysctl.o)
    0x000003f6   0x000003f6   0x00000002   PAD
    0x000003f8   0x000003f8   0x00000114   Code   RO         1069  * .text               startup_tm4c123.o
    0x0000050c   0x0000050c   0x00000010   Code   RO         2755    .text               c_w.l(rt_ctype_table.o)
    0x0000051c   0x0000051c   0x00000028   Code   RO         2759    .text               c_w.l(noretval__2sprintf.o)
    0x00000544   0x00000544   0x00000068   Code   RO         2761    .text               c_w.l(__printf.o)
    0x000005ac   0x000005ac   0x00000078   Code   RO         2763    .text               c_w.l(_printf_dec.o)
    0x00000624   0x00000624   0x0000003e   Code   RO         2787    .text               c_w.l(strlen.o)
    0x00000662   0x00000662   0x0000008a   Code   RO         2789    .text               c_w.l(rt_memcpy_v6.o)
    0x000006ec   0x000006ec   0x00000010   Code   RO         2791    .text               c_w.l(aeabi_memset.o)
    0x000006fc   0x000006fc   0x00000006   Code   RO         2793    .text               c_w.l(heapauxi.o)
    0x00000702   0x00000702   0x0000000a   Code   RO         2803    .text               c_w.l(rt_locale_twolibspace.o)
    0x0000070c   0x0000070c   0x000000b2   Code   RO         2805    .text               c_w.l(_printf_intcommon.o)
    0x000007be   0x000007be   0x00000002   PAD
    0x000007c0   0x000007c0   0x00000030   Code   RO         2807    .text               c_w.l(_printf_char_common.o)
    0x000007f0   0x000007f0   0x0000000a   Code   RO         2809    .text               c_w.l(_sputc.o)
    0x000007fa   0x000007fa   0x00000064   Code   RO         2815    .text               c_w.l(rt_memcpy_w.o)
    0x0000085e   0x0000085e   0x00000044   Code   RO         2817    .text               c_w.l(rt_memclr.o)
    0x000008a2   0x000008a2   0x00000002   PAD
    0x000008a4   0x000008a4   0x00000008   Code   RO         2819    .text               c_w.l(libspace.o)
    0x000008ac   0x000008ac   0x0000004e   Code   RO         2839    .text               c_w.l(rt_memclr_w.o)
    0x000008fa   0x000008fa   0x00000002   PAD
    0x000008fc   0x000008fc   0x00000080   Code   RO         2841    .text               c_w.l(strcmpv7m.o)
    0x0000097c   0x0000097c   0x0000004a   Code   RO         2888    .text               c_w.l(sys_stackheap_outer.o)
    0x000009c6   0x000009c6   0x00000012   Code   RO         2890    .text               c_w.l(exit.o)
    0x000009d8   0x000009d8   0x0000000c   Code   RO         2921    .text               c_w.l(sys_exit.o)
    0x000009e4   0x000009e4   0x00000002   Code   RO         2923    .text               c_w.l(use_no_semi.o)
    0x000009e6   0x000009e6   0x00000000   Code   RO         2925    .text               c_w.l(indicate_semi.o)
    0x000009e6   0x000009e6   0x00000010   Code   RO          298    i.InitTask          citytimes.o
    0x000009f6   0x000009f6   0x00000002   PAD
    0x000009f8   0x000009f8   0x000000ac   Code   RO          162    i.LCD_Command       lcd.o
    0x00000aa4   0x00000aa4   0x0000002e   Code   RO          164    i.LCD_PrintLn       lcd.o
    0x00000ad2   0x00000ad2   0x00000002   PAD
    0x00000ad4   0x00000ad4   0x00000174   Code   RO          168    i.LCD_init          lcd.o
    0x00000c48   0x00000c48   0x000000ac   Code   RO          170    i.LCD_printChar     lcd.o
    0x00000cf4   0x00000cf4   0x0000003a   Code   RO          171    i.LCD_setCursor     lcd.o
    0x00000d2e   0x00000d2e   0x0000004e   Code   RO          299    i.Ltrim             citytimes.o
    0x00000d7c   0x00000d7c   0x0000002c   Code   RO          300    i.Read_From_Keyboard  citytimes.o
    0x00000da8   0x00000da8   0x0000002a   Code   RO          301    i.Read_Time         citytimes.o
    0x00000dd2   0x00000dd2   0x00000016   Code   RO          446    i.SysTick_Handler   cmsis_os2.o
    0x00000de8   0x00000de8   0x00000014   Code   RO         1077    i.SystemInit        system_tm4c123.o
    0x00000dfc   0x00000dfc   0x00000094   Code   RO          302    i.Task1             citytimes.o
    0x00000e90   0x00000e90   0x00000140   Code   RO          303    i.Task2             citytimes.o
    0x00000fd0   0x00000fd0   0x00000150   Code   RO          304    i.Task3             citytimes.o
    0x00001120   0x00001120   0x0000001c   Code   RO          254    i.UART0_CharGet     uart.o
    0x0000113c   0x0000113c   0x00000018   Code   RO          255    i.UART0_SendChar    uart.o
    0x00001154   0x00001154   0x00000016   Code   RO          256    i.UART0_sendString  uart.o
    0x0000116a   0x0000116a   0x00000016   Code   RO          382    i._mutex_acquire    clib_arm.o
    0x00001180   0x00001180   0x00000034   Code   RO          383    i._mutex_free       clib_arm.o
    0x000011b4   0x000011b4   0x00000060   Code   RO          384    i._mutex_initialize  clib_arm.o
    0x00001214   0x00001214   0x00000018   Code   RO          385    i._mutex_release    clib_arm.o
    0x0000122c   0x0000122c   0x00000002   Code   RO          386    i._platform_post_stackheap_init  clib_arm.o
    0x0000122e   0x0000122e   0x00000002   PAD
    0x00001230   0x00001230   0x00000090   Code   RO          257    i.init_UART         uart.o
    0x000012c0   0x000012c0   0x000000c8   Code   RO            4    i.main              main.o
    0x00001388   0x00001388   0x00000024   Code   RO          387    i.os_kernel_is_active  clib_arm.o
    0x000013ac   0x000013ac   0x0000007c   Code   RO         1689    i.prvAddCurrentTaskToDelayedList  tasks.o
    0x00001428   0x00001428   0x000000b8   Code   RO         1690    i.prvAddNewTaskToReadyList  tasks.o
    0x000014e0   0x000014e0   0x0000005c   Code   RO         2086    i.prvCheckForValidListAndQueue  timers.o
    0x0000153c   0x0000153c   0x00000048   Code   RO         1691    i.prvCheckTasksWaitingTermination  tasks.o
    0x00001584   0x00001584   0x0000002a   Code   RO         1452    i.prvCopyDataFromQueue  queue.o
    0x000015ae   0x000015ae   0x0000007e   Code   RO         1453    i.prvCopyDataToQueue  queue.o
    0x0000162c   0x0000162c   0x00000028   Code   RO         1692    i.prvDeleteTCB      tasks.o
    0x00001654   0x00001654   0x00000014   Code   RO         1454    i.prvGetDisinheritPriorityAfterTimeout  queue.o
    0x00001668   0x00001668   0x00000028   Code   RO         2087    i.prvGetNextExpireTime  timers.o
    0x00001690   0x00001690   0x0000007c   Code   RO         1302    i.prvHeapInit       heap_4.o
    0x0000170c   0x0000170c   0x00000028   Code   RO         1693    i.prvIdleTask       tasks.o
    0x00001734   0x00001734   0x0000001e   Code   RO         1455    i.prvInitialiseMutex  queue.o
    0x00001752   0x00001752   0x0000002a   Code   RO         1456    i.prvInitialiseNewQueue  queue.o
    0x0000177c   0x0000177c   0x0000009a   Code   RO         1694    i.prvInitialiseNewTask  tasks.o
    0x00001816   0x00001816   0x00000002   PAD
    0x00001818   0x00001818   0x00000068   Code   RO         1695    i.prvInitialiseTaskLists  tasks.o
    0x00001880   0x00001880   0x00000068   Code   RO         1303    i.prvInsertBlockIntoFreeList  heap_4.o
    0x000018e8   0x000018e8   0x00000058   Code   RO         2089    i.prvInsertTimerInActiveList  timers.o
    0x00001940   0x00001940   0x0000001a   Code   RO         1457    i.prvIsQueueEmpty   queue.o
    0x0000195a   0x0000195a   0x0000001e   Code   RO         1458    i.prvIsQueueFull    queue.o
    0x00001978   0x00001978   0x0000005c   Code   RO         2090    i.prvProcessExpiredTimer  timers.o
    0x000019d4   0x000019d4   0x0000010c   Code   RO         2091    i.prvProcessReceivedCommands  timers.o
    0x00001ae0   0x00001ae0   0x00000074   Code   RO         2092    i.prvProcessTimerOrBlockTask  timers.o
    0x00001b54   0x00001b54   0x00000034   Code   RO         1697    i.prvResetNextTaskUnblockTime  tasks.o
    0x00001b88   0x00001b88   0x0000002c   Code   RO         2093    i.prvSampleTimeNow  timers.o
    0x00001bb4   0x00001bb4   0x00000088   Code   RO         2094    i.prvSwitchTimerLists  timers.o
    0x00001c3c   0x00001c3c   0x00000016   Code   RO         1370    i.prvTaskExitError  port.o
    0x00001c52   0x00001c52   0x0000001a   Code   RO         2095    i.prvTimerTask      timers.o
    0x00001c6c   0x00001c6c   0x0000007e   Code   RO         1459    i.prvUnlockQueue    queue.o
    0x00001cea   0x00001cea   0x00000002   PAD
    0x00001cec   0x00001cec   0x000000e0   Code   RO         1304    i.pvPortMalloc      heap_4.o
    0x00001dcc   0x00001dcc   0x00000020   Code   RO         1700    i.pvTaskIncrementMutexHeldCount  tasks.o
    0x00001dec   0x00001dec   0x0000002c   Code   RO         1371    i.pxPortInitialiseStack  port.o
    0x00001e18   0x00001e18   0x00000028   Code   RO         1254    i.uxListRemove      list.o
    0x00001e40   0x00001e40   0x00000018   Code   RO          522    i.vApplicationGetIdleTaskMemory  cmsis_os2.o
    0x00001e58   0x00001e58   0x00000018   Code   RO          523    i.vApplicationGetTimerTaskMemory  cmsis_os2.o
    0x00001e70   0x00001e70   0x00000002   Code   RO          524    i.vApplicationStackOverflowHook  cmsis_os2.o
    0x00001e72   0x00001e72   0x0000001a   Code   RO         1255    i.vListInitialise   list.o
    0x00001e8c   0x00001e8c   0x00000006   Code   RO         1256    i.vListInitialiseItem  list.o
    0x00001e92   0x00001e92   0x00000034   Code   RO         1257    i.vListInsert       list.o
    0x00001ec6   0x00001ec6   0x00000018   Code   RO         1258    i.vListInsertEnd    list.o
    0x00001ede   0x00001ede   0x00000002   PAD
    0x00001ee0   0x00001ee0   0x00000024   Code   RO         1373    i.vPortEnterCritical  port.o
    0x00001f04   0x00001f04   0x00000020   Code   RO         1374    i.vPortExitCritical  port.o
    0x00001f24   0x00001f24   0x00000058   Code   RO         1305    i.vPortFree         heap_4.o
    0x00001f7c   0x00001f7c   0x00000028   Code   RO         1375    i.vPortSetupTimerInterrupt  port.o
    0x00001fa4   0x00001fa4   0x00000014   Code   RO         1465    i.vQueueDelete      queue.o
    0x00001fb8   0x00001fb8   0x0000004a   Code   RO         1467    i.vQueueWaitForMessageRestricted  queue.o
    0x00002002   0x00002002   0x00000002   PAD
    0x00002004   0x00002004   0x00000034   Code   RO         1710    i.vTaskDelay        tasks.o
    0x00002038   0x00002038   0x00000018   Code   RO         1715    i.vTaskInternalSetTimeOutState  tasks.o
    0x00002050   0x00002050   0x0000000c   Code   RO         1716    i.vTaskMissedYield  tasks.o
    0x0000205c   0x0000205c   0x00000020   Code   RO         1718    i.vTaskPlaceOnEventList  tasks.o
    0x0000207c   0x0000207c   0x00000028   Code   RO         1719    i.vTaskPlaceOnEventListRestricted  tasks.o
    0x000020a4   0x000020a4   0x0000008c   Code   RO         1721    i.vTaskPriorityDisinheritAfterTimeout  tasks.o
    0x00002130   0x00002130   0x00000094   Code   RO         1727    i.vTaskStartScheduler  tasks.o
    0x000021c4   0x000021c4   0x000000a0   Code   RO         1728    i.vTaskSuspend      tasks.o
    0x00002264   0x00002264   0x00000010   Code   RO         1729    i.vTaskSuspendAll   tasks.o
    0x00002274   0x00002274   0x000000b0   Code   RO         1730    i.vTaskSwitchContext  tasks.o
    0x00002324   0x00002324   0x00000048   Code   RO         1376    i.xPortStartScheduler  port.o
    0x0000236c   0x0000236c   0x00000034   Code   RO         1377    i.xPortSysTickHandler  port.o
    0x000023a0   0x000023a0   0x00000022   Code   RO         1470    i.xQueueCreateMutex  queue.o
    0x000023c2   0x000023c2   0x0000002a   Code   RO         1471    i.xQueueCreateMutexStatic  queue.o
    0x000023ec   0x000023ec   0x0000003a   Code   RO         1472    i.xQueueGenericCreate  queue.o
    0x00002426   0x00002426   0x0000002e   Code   RO         1473    i.xQueueGenericCreateStatic  queue.o
    0x00002454   0x00002454   0x00000080   Code   RO         1474    i.xQueueGenericReset  queue.o
    0x000024d4   0x000024d4   0x00000118   Code   RO         1475    i.xQueueGenericSend  queue.o
    0x000025ec   0x000025ec   0x0000008a   Code   RO         1476    i.xQueueGenericSendFromISR  queue.o
    0x00002676   0x00002676   0x00000002   PAD
    0x00002678   0x00002678   0x00000104   Code   RO         1485    i.xQueueReceive     queue.o
    0x0000277c   0x0000277c   0x00000130   Code   RO         1487    i.xQueueSemaphoreTake  queue.o
    0x000028ac   0x000028ac   0x0000005c   Code   RO         1732    i.xTaskCheckForTimeOut  tasks.o
    0x00002908   0x00002908   0x00000064   Code   RO         1733    i.xTaskCreate       tasks.o
    0x0000296c   0x0000296c   0x0000004e   Code   RO         1734    i.xTaskCreateStatic  tasks.o
    0x000029ba   0x000029ba   0x00000002   PAD
    0x000029bc   0x000029bc   0x00000020   Code   RO         1738    i.xTaskGetSchedulerState  tasks.o
    0x000029dc   0x000029dc   0x0000000c   Code   RO         1739    i.xTaskGetTickCount  tasks.o
    0x000029e8   0x000029e8   0x00000118   Code   RO         1741    i.xTaskIncrementTick  tasks.o
    0x00002b00   0x00002b00   0x00000060   Code   RO         1744    i.xTaskPriorityDisinherit  tasks.o
    0x00002b60   0x00002b60   0x000000a4   Code   RO         1745    i.xTaskPriorityInherit  tasks.o
    0x00002c04   0x00002c04   0x00000080   Code   RO         1746    i.xTaskRemoveFromEventList  tasks.o
    0x00002c84   0x00002c84   0x000000e8   Code   RO         1747    i.xTaskResumeAll    tasks.o
    0x00002d6c   0x00002d6c   0x00000060   Code   RO         2104    i.xTimerCreateTimerTask  timers.o
    0x00002dcc   0x00002dcc   0x0000006c   Code   RO         2105    i.xTimerGenericCommand  timers.o
    0x00002e38   0x00002e38   0x0000002c   Code   RO         2813    locale$$code        c_w.l(lc_ctype_c.o)
    0x00002e64   0x00002e64   0x0000000a   Code   RO         2898    x$fpl$fpinit        fz_wm.l(fpinit.o)
    0x00002e6e   0x00002e6e   0x00000002   PAD
    0x00002e70   0x00002e70   0x00000020   Data   RO         2977    Region$$Table       anon$$obj.o
    0x00002e90   0x00002e90   0x00000110   Data   RO         2812    locale$$data        c_w.l(lc_ctype_c.o)


    Execution Region ER_RW (Exec base: 0x20000000, Load base: 0x00002fa0, Size: 0x000000f4, Max: 0xffffffff, ABSOLUTE)

    Exec Addr    Load Addr    Size         Type   Attr      Idx    E Section Name        Object

    0x20000000   0x00002fa0   0x00000008   Data   RW            5    .data               main.o
    0x20000008   0x00002fa8   0x00000072   Data   RW          305    .data               citytimes.o
    0x2000007a   0x0000301a   0x00000001   Data   RW          389    .data               clib_arm.o
    0x2000007b   0x0000301b   0x00000001   PAD
    0x2000007c   0x0000301c   0x00000004   Data   RW         1079    .data               system_tm4c123.o
    0x20000080   0x00003020   0x00000020   Data   RW         1311    .data               heap_4.o
    0x200000a0   0x00003040   0x00000004   Data   RW         1378    .data               port.o
    0x200000a4   0x00003044   0x0000003c   Data   RW         1750    .data               tasks.o
    0x200000e0   0x00003080   0x00000014   Data   RW         2113    .data               timers.o


    Execution Region ER_ZI (Exec base: 0x200000f4, Load base: 0x00003094, Size: 0x00002f7c, Max: 0xffffffff, ABSOLUTE)

    Exec Addr    Load Addr    Size         Type   Attr      Idx    E Section Name        Object

    0x200000f4        -       0x00000394   Zero   RW          388    .bss                clib_arm.o
    0x20000488        -       0x000003f8   Zero   RW          525    .bss                cmsis_os2.o
    0x20000880        -       0x00002000   Zero   RW         1310    .bss                heap_4.o
    0x20002880        -       0x000004c4   Zero   RW         1749    .bss                tasks.o
    0x20002d44        -       0x000000c8   Zero   RW         2112    .bss                timers.o
    0x20002e0c        -       0x00000060   Zero   RW         2820    .bss                c_w.l(libspace.o)
    0x20002e6c   0x00003094   0x00000004   PAD
    0x20002e70        -       0x00000000   Zero   RW         1067    HEAP                startup_tm4c123.o
    0x20002e70        -       0x00000200   Zero   RW         1066    STACK               startup_tm4c123.o


==============================================================================

Image component sizes


      Code (inc. data)   RO Data    RW Data    ZI Data      Debug   Object Name

       984        186          0        114          0      15376   citytimes.o
       232         20          0          1        916       5120   clib_arm.o
        72         20          0          0       1016      26987   cmsis_os2.o
         0          0          0          0          0       9056   event_groups.o
       540         74          0         32       8192       4411   heap_4.o
       820         36          0          0          0       4979   lcd.o
       148          0          0          0          0       3662   list.o
       200         82          0          8          0      30321   main.o
       488         56          0          4          0      10092   port.o
      1826         18          0          0          0      20570   queue.o
       276         24        620          0        512       5464   startup_tm4c123.o
        20          6          0          4          0        763   system_tm4c123.o
      2816        390          0         60       1220      42654   tasks.o
      1106        114          0         20        200      12631   timers.o
       218         28          0          0          0       2076   uart.o

    ----------------------------------------------------------------------
      9766       1054        652        244      12056     194162   Object Totals
         0          0         32          0          0          0   (incl. Generated)
        20          0          0          1          0          0   (incl. Padding)

    ----------------------------------------------------------------------

      Code (inc. data)   RO Data    RW Data    ZI Data      Debug   Library Member Name

         8          0          0          0          0         68   __main.o
       104          0          0          0          0         84   __printf.o
         0          0          0          0          0          0   __rtentry.o
        20          0          0          0          0          0   __rtentry2.o
         6          0          0          0          0          0   __rtentry4.o
        52          8          0          0          0          0   __scatter.o
        26          0          0          0          0          0   __scatter_copy.o
        28          0          0          0          0          0   __scatter_zi.o
        48          6          0          0          0         96   _printf_char_common.o
         6          0          0          0          0          0   _printf_d.o
       120         16          0          0          0         92   _printf_dec.o
       178          0          0          0          0         88   _printf_intcommon.o
         0          0          0          0          0          0   _printf_percent.o
         4          0          0          0          0          0   _printf_percent_end.o
        10          0          0          0          0         68   _sputc.o
        16          0          0          0          0         68   aeabi_memset.o
        18          0          0          0          0         80   exit.o
         6          0          0          0          0        152   heapauxi.o
         0          0          0          0          0          0   indicate_semi.o
        44         10        272          0          0         76   lc_ctype_c.o
         2          0          0          0          0          0   libinit.o
        24          0          0          0          0          0   libinit2.o
         2          0          0          0          0          0   libshutdown.o
         2          0          0          0          0          0   libshutdown2.o
         8          4          0          0         96         68   libspace.o
        40          6          0          0          0         84   noretval__2sprintf.o
        16          4          0          0          0         76   rt_ctype_table.o
        10          0          0          0          0         76   rt_locale_twolibspace.o
        68          0          0          0          0         68   rt_memclr.o
        78          0          0          0          0         80   rt_memclr_w.o
       138          0          0          0          0         68   rt_memcpy_v6.o
       100          0          0          0          0         80   rt_memcpy_w.o
         2          0          0          0          0          0   rtexit.o
        10          0          0          0          0          0   rtexit2.o
       128          0          0          0          0         68   strcmpv7m.o
        62          0          0          0          0         76   strlen.o
        12          4          0          0          0         68   sys_exit.o
        74          0          0          0          0         80   sys_stackheap_outer.o
         2          0          0          0          0         68   use_no_semi.o
         6          0          0          0          0        380   sysctl.o
        10          0          0          0          0        116   fpinit.o

    ----------------------------------------------------------------------
      1502         58        272          0        100       2328   Library Totals
        14          0          0          0          4          0   (incl. Padding)

    ----------------------------------------------------------------------

      Code (inc. data)   RO Data    RW Data    ZI Data      Debug   Library Name

      1472         58        272          0         96       1832   c_w.l
         6          0          0          0          0        380   driverlib.lib
        10          0          0          0          0        116   fz_wm.l

    ----------------------------------------------------------------------
      1502         58        272          0        100       2328   Library Totals

    ----------------------------------------------------------------------

==============================================================================


      Code (inc. data)   RO Data    RW Data    ZI Data      Debug   

     11268       1112        924        244      12156     185402   Grand Totals
     11268       1112        924        244      12156     185402   ELF Image Totals
     11268       1112        924        244          0          0   ROM Totals

==============================================================================

    Total RO  Size (Code + RO Data)                12192 (  11.91kB)
    Total RW  Size (RW Data + ZI Data)             12400 (  12.11kB)
    Total ROM Size (Code + RO Data + RW Data)      12436 (  12.14kB)

==============================================================================

